[WARNING]: No inventory was parsed, only implicit localhost is available
[WARNING]: provided hosts list is empty, only localhost is available. Note that
the implicit localhost does not match 'all'
No config file found; using defaults

PLAY [VM-Host Affinity Policy re-enforce playbook] *****************************

TASK [Set the policy external ID to re-enforce] ********************************
ok: [localhost] => {"ansible_facts": {"vm_host_affinity_policy_ext_id": "d8cf7870-6162-474b-4e62-dfa249096ffe"}, "changed": false}

TASK [Re-enforce a VM-Host Affinity Policy] ************************************
changed: [localhost] => {"changed": true, "error": null, "ext_id": "d8cf7870-6162-474b-4e62-dfa249096ffe", "response": {"app_name": null, "batch_summary": null, "cluster_ext_ids": null, "completed_time": "2026-07-21T05:16:05.496138+00:00", "completion_details": null, "created_time": "2026-07-21T05:16:04.313893+00:00", "entities_affected": [{"ext_id": "d8cf7870-6162-474b-4e62-dfa249096ffe", "name": "ansible_reenforce_vmhap_mrJbSeKTuMUl", "rel": "vmm:ahv:policies:vm-host-affinity-policy"}], "error_messages": null, "ext_id": "ZXJnb24=:adb28ae9-d8c1-50c8-b12f-8a25832a95eb", "is_background_task": false, "is_cancelable": false, "last_updated_time": "2026-07-21T05:16:05.496137+00:00", "legacy_error_message": null, "number_of_entities_affected": 1, "number_of_subtasks": 0, "operation": "VmHostAffinityPolicyEnforce", "operation_description": "Enforce VM-Host Affinity Policy", "owned_by": {"ext_id": "00000000-0000-0000-0000-000000000000", "name": "admin"}, "parent_task": null, "progress_percentage": 100, "projectExtId": "00000000-0000-0000-0000-000000000000", "resource_links": null, "root_task": null, "started_time": "2026-07-21T05:16:04.322317+00:00", "status": "SUCCEEDED", "sub_steps": null, "sub_tasks": null, "warnings": null}, "task_ext_id": "ZXJnb24=:adb28ae9-d8c1-50c8-b12f-8a25832a95eb"}

TASK [Print re-enforce result] *************************************************
ok: [localhost] => {
    "reenforce_result": {
        "changed": true,
        "error": null,
        "ext_id": "d8cf7870-6162-474b-4e62-dfa249096ffe",
        "failed": false,
        "response": {
            "app_name": null,
            "batch_summary": null,
            "cluster_ext_ids": null,
            "completed_time": "2026-07-21T05:16:05.496138+00:00",
            "completion_details": null,
            "created_time": "2026-07-21T05:16:04.313893+00:00",
            "entities_affected": [
                {
                    "ext_id": "d8cf7870-6162-474b-4e62-dfa249096ffe",
                    "name": "ansible_reenforce_vmhap_mrJbSeKTuMUl",
                    "rel": "vmm:ahv:policies:vm-host-affinity-policy"
                }
            ],
            "error_messages": null,
            "ext_id": "ZXJnb24=:adb28ae9-d8c1-50c8-b12f-8a25832a95eb",
            "is_background_task": false,
            "is_cancelable": false,
            "last_updated_time": "2026-07-21T05:16:05.496137+00:00",
            "legacy_error_message": null,
            "number_of_entities_affected": 1,
            "number_of_subtasks": 0,
            "operation": "VmHostAffinityPolicyEnforce",
            "operation_description": "Enforce VM-Host Affinity Policy",
            "owned_by": {
                "ext_id": "00000000-0000-0000-0000-000000000000",
                "name": "admin"
            },
            "parent_task": null,
            "progress_percentage": 100,
            "projectExtId": "00000000-0000-0000-0000-000000000000",
            "resource_links": null,
            "root_task": null,
            "started_time": "2026-07-21T05:16:04.322317+00:00",
            "status": "SUCCEEDED",
            "sub_steps": null,
            "sub_tasks": null,
            "warnings": null
        },
        "skipped": false,
        "task_ext_id": "ZXJnb24=:adb28ae9-d8c1-50c8-b12f-8a25832a95eb"
    }
}

PLAY RECAP *********************************************************************
localhost                  : ok=3    changed=1    unreachable=0    failed=0    skipped=0    rescued=0    ignored=0   

