[WARNING]: No inventory was parsed, only implicit localhost is available
[WARNING]: provided hosts list is empty, only localhost is available. Note that
the implicit localhost does not match 'all'
No config file found; using defaults

PLAY [Patched images examples] *************************************************

TASK [Create AHV patched image] ************************************************
fatal: [localhost]: FAILED! => {"changed": false, "error": "NOT FOUND", "msg": "Api Exception raised while creating patched image", "response": {"error": "Not Found", "message": "Not Found", "path": "/api/lifecycle/v4.2/config/patched-images", "status": 404, "timestamp": "2026-09-09T04:51:03.271+00:00"}, "status": 404}
...ignoring

TASK [Get patched image by ext_id] *********************************************
fatal: [localhost]: FAILED! => {"changed": false, "error": "NOT FOUND", "msg": "Api Exception raised while fetching patched image info using ext_id: b6c8f0a2-4d1e-4f0a-9c1a-2d3e4f5a6b7c", "response": {"error": "Not Found", "message": "Not Found", "path": "/api/lifecycle/v4.2/config/patched-images/b6c8f0a2-4d1e-4f0a-9c1a-2d3e4f5a6b7c", "status": 404, "timestamp": "2026-09-09T04:51:04.759+00:00"}, "status": 404}
...ignoring

TASK [List all patched images] *************************************************
fatal: [localhost]: FAILED! => {"changed": false, "error": "NOT FOUND", "msg": "Api Exception raised while fetching patched images info", "response": {"error": "Not Found", "message": "Not Found", "path": "/api/lifecycle/v4.2/config/patched-images", "status": 404, "timestamp": "2026-09-09T04:51:06.169+00:00"}, "status": 404}
...ignoring

TASK [List patched images with filter] *****************************************
fatal: [localhost]: FAILED! => {"changed": false, "error": "NOT FOUND", "msg": "Api Exception raised while fetching patched images info", "response": {"error": "Not Found", "message": "Not Found", "path": "/api/lifecycle/v4.2/config/patched-images", "status": 404, "timestamp": "2026-09-09T04:51:07.670+00:00"}, "status": 404}
...ignoring

TASK [List patched images with limit] ******************************************
fatal: [localhost]: FAILED! => {"changed": false, "error": "NOT FOUND", "msg": "Api Exception raised while fetching patched images info", "response": {"error": "Not Found", "message": "Not Found", "path": "/api/lifecycle/v4.2/config/patched-images", "status": 404, "timestamp": "2026-09-09T04:51:09.757+00:00"}, "status": 404}
...ignoring

TASK [Delete patched image] ****************************************************
fatal: [localhost]: FAILED! => {"changed": false, "error": "NOT FOUND", "msg": "Api Exception raised while deleting patched image with ext_id: b6c8f0a2-4d1e-4f0a-9c1a-2d3e4f5a6b7c", "response": {"error": "Not Found", "message": "Not Found", "path": "/api/lifecycle/v4.2/config/patched-images/b6c8f0a2-4d1e-4f0a-9c1a-2d3e4f5a6b7c", "status": 404, "timestamp": "2026-09-09T04:51:11.496+00:00"}, "status": 404}
...ignoring

PLAY RECAP *********************************************************************
localhost                  : ok=6    changed=0    unreachable=0    failed=0    skipped=0    rescued=0    ignored=6   

