[WARNING]: No inventory was parsed, only implicit localhost is available
[WARNING]: provided hosts list is empty, only localhost is available. Note that the implicit localhost does not match 'all'
No config file found; using defaults

PLAY [Network Controllers playbook] ********************************************

TASK [Create network controller (enable FVN)] **********************************
[ERROR]: Task failed: Module failed: Task Failed
Origin: /tmp/codegen/a24674d3cf384aa68f6b8fed200ef64e/repo/examples/networking/NetworkController/network_controllers_v2.yml:33:7

31       validate_certs: false
32   tasks:
33     - name: Create network controller (enable FVN)
         ^ column 7

fatal: [localhost]: FAILED! => {"changed": false, "msg": "Task Failed", "response": {"app_name": null, "batch_summary": null, "cluster_ext_ids": null, "completed_time": "2026-07-21T05:01:25.026120+00:00", "completion_details": null, "created_time": "2026-07-21T05:01:23.334777+00:00", "entities_affected": [{"ext_id": "9bdfbacf-0b75-4756-826e-c7a8605fd2bb", "name": null, "rel": "networking:config:controller"}], "error_messages": [{"arguments_map": {"errorMessage": "A network controller is already deployed, this network create task cannot proceed.", "operation": "Create Network Controller"}, "code": "NETWORKING-10065", "error_group": "BACKEND_SERVICE_ERROR", "locale": "en_US", "message": "Failed to Create Network Controller due to - A network controller is already deployed, this network create task cannot proceed.", "severity": "ERROR"}], "ext_id": "ZXJnb24=:6a68bc24-f47a-4547-8a38-15bd05ba70b3", "is_background_task": false, "is_cancelable": false, "last_updated_time": "2026-07-21T05:01:25.026119+00:00", "legacy_error_message": null, "number_of_entities_affected": 1, "number_of_subtasks": 0, "operation": "kNetworkControllerCreate", "operation_description": "Network Controller Create", "owned_by": {"ext_id": "00000000-0000-0000-0000-000000000000", "name": "admin"}, "parent_task": null, "progress_percentage": 100, "projectExtId": "00000000-0000-0000-0000-000000000000", "resource_links": null, "root_task": null, "started_time": "2026-07-21T05:01:23.345080+00:00", "status": "FAILED", "sub_steps": null, "sub_tasks": null, "warnings": null}}
...ignoring

TASK [List all network controllers] ********************************************
ok: [localhost] => {"changed": false, "response": [{"cloud_substrate": null, "controllerHealth": {"$objectType": "networking.v4.config.ControllerHealth", "$reserved": {"$fv": "v4.r4"}, "clusters": [{"$objectType": "networking.v4.config.ClusterHealth", "$reserved": {"$fv": "v4.r4"}, "clusterExtId": "0006555e-4e63-4a5e-185b-ac1f6b6f97e2", "clusterName": "auto_cluster_prod_36acf9b012ca", "connectionStatus": "UP", "nodes": [{"$objectType": "networking.v4.config.NodeHealth", "$reserved": {"$fv": "v4.r4"}, "nodeExtId": "adf0c9e0-4051-4cd2-9f6f-ca9f962e941b", "nodeIp": {"$objectType": "common.v1.config.IPAddress", "$reserved": {"$fv": "v1.r0"}, "ipv4": {"$objectType": "common.v1.config.IPv4Address", "$reserved": {"$fv": "v1.r0"}, "prefixLength": 32, "value": "10.46.136.28"}}, "nodeServices": [{"$objectType": "networking.v4.config.NodeServiceHealth", "$reserved": {"$fv": "v4.r4"}, "service": "CONTROL_PLANE_AGENT", "state": "$UNKNOWN"}]}]}], "sharedServices": [{"$objectType": "networking.v4.config.SharedServiceHealth", "$reserved": {"$fv": "v4.r4"}, "service": "CONFIGURATION_DATABASE", "state": "UP"}, {"service": "CORE_SERVICE", "state": "UP"}]}, "controller_status": "UP", "controller_version": "7.6.0", "default_vlan_stack": "LEGACY", "ext_id": "98fac596-6e4f-407e-bfbb-89681ca72415", "links": null, "metadata": null, "minimum_ahv_version": "11.2", "minimum_nos_version": "7.0", "tenant_id": null, "vpc_global_config": {"is_overlapping_erps_enabled": false}}], "total_available_results": 1}

TASK [List network controllers with limit] *************************************
ok: [localhost] => {"changed": false, "response": [{"cloud_substrate": null, "controllerHealth": {"$objectType": "networking.v4.config.ControllerHealth", "$reserved": {"$fv": "v4.r4"}, "clusters": [{"$objectType": "networking.v4.config.ClusterHealth", "$reserved": {"$fv": "v4.r4"}, "clusterExtId": "0006555e-4e63-4a5e-185b-ac1f6b6f97e2", "clusterName": "auto_cluster_prod_36acf9b012ca", "connectionStatus": "UP", "nodes": [{"$objectType": "networking.v4.config.NodeHealth", "$reserved": {"$fv": "v4.r4"}, "nodeExtId": "adf0c9e0-4051-4cd2-9f6f-ca9f962e941b", "nodeIp": {"$objectType": "common.v1.config.IPAddress", "$reserved": {"$fv": "v1.r0"}, "ipv4": {"$objectType": "common.v1.config.IPv4Address", "$reserved": {"$fv": "v1.r0"}, "prefixLength": 32, "value": "10.46.136.28"}}, "nodeServices": [{"$objectType": "networking.v4.config.NodeServiceHealth", "$reserved": {"$fv": "v4.r4"}, "service": "CONTROL_PLANE_AGENT", "state": "$UNKNOWN"}]}]}], "sharedServices": [{"$objectType": "networking.v4.config.SharedServiceHealth", "$reserved": {"$fv": "v4.r4"}, "service": "CONFIGURATION_DATABASE", "state": "UP"}, {"service": "CORE_SERVICE", "state": "UP"}]}, "controller_status": "UP", "controller_version": "7.6.0", "default_vlan_stack": "LEGACY", "ext_id": "98fac596-6e4f-407e-bfbb-89681ca72415", "links": null, "metadata": null, "minimum_ahv_version": "11.2", "minimum_nos_version": "7.0", "tenant_id": null, "vpc_global_config": {"is_overlapping_erps_enabled": false}}], "total_available_results": 1}

TASK [Pick a Network Controller ext_id] ****************************************
ok: [localhost] => {"ansible_facts": {"network_controller_ext_id": "98fac596-6e4f-407e-bfbb-89681ca72415"}, "changed": false}

TASK [Fetch the network controller using ext_id] *******************************
ok: [localhost] => {"changed": false, "ext_id": "98fac596-6e4f-407e-bfbb-89681ca72415", "response": {"cloud_substrate": null, "controllerHealth": {"$objectType": "networking.v4.config.ControllerHealth", "$reserved": {"$fv": "v4.r4"}, "clusters": [{"$objectType": "networking.v4.config.ClusterHealth", "$reserved": {"$fv": "v4.r4"}, "clusterExtId": "0006555e-4e63-4a5e-185b-ac1f6b6f97e2", "clusterName": "auto_cluster_prod_36acf9b012ca", "connectionStatus": "UP", "nodes": [{"$objectType": "networking.v4.config.NodeHealth", "$reserved": {"$fv": "v4.r4"}, "nodeExtId": "adf0c9e0-4051-4cd2-9f6f-ca9f962e941b", "nodeIp": {"$objectType": "common.v1.config.IPAddress", "$reserved": {"$fv": "v1.r0"}, "ipv4": {"$objectType": "common.v1.config.IPv4Address", "$reserved": {"$fv": "v1.r0"}, "prefixLength": 32, "value": "10.46.136.28"}}, "nodeServices": [{"$objectType": "networking.v4.config.NodeServiceHealth", "$reserved": {"$fv": "v4.r4"}, "service": "CONTROL_PLANE_AGENT", "state": "$UNKNOWN"}]}]}], "sharedServices": [{"$objectType": "networking.v4.config.SharedServiceHealth", "$reserved": {"$fv": "v4.r4"}, "service": "CONFIGURATION_DATABASE", "state": "UP"}, {"service": "CORE_SERVICE", "state": "UP"}]}, "controller_status": "UP", "controller_version": "7.6.0", "default_vlan_stack": "LEGACY", "ext_id": "98fac596-6e4f-407e-bfbb-89681ca72415", "links": null, "metadata": null, "minimum_ahv_version": "11.2", "minimum_nos_version": "7.0", "tenant_id": null, "vpc_global_config": {"is_overlapping_erps_enabled": false}}}

TASK [Update network controller (toggle overlapping ERPs)] *********************
skipping: [localhost] => {"changed": false, "false_condition": "(create_result.ext_id is defined) and (create_result.ext_id | length > 0)", "skip_reason": "Conditional result was False"}

TASK [Delete network controller] ***********************************************
skipping: [localhost] => {"changed": false, "false_condition": "(create_result.ext_id is defined) and (create_result.ext_id | length > 0)", "skip_reason": "Conditional result was False"}

PLAY RECAP *********************************************************************
localhost                  : ok=5    changed=0    unreachable=0    failed=0    skipped=2    rescued=0    ignored=1   

