[WARNING]: No inventory was parsed, only implicit localhost is available
[WARNING]: provided hosts list is empty, only localhost is available. Note that
the implicit localhost does not match 'all'
No config file found; using defaults

PLAY [DsCategoryMapping playbook] **********************************************

TASK [Setting Variables] *******************************************************
ok: [localhost] => {"ansible_facts": {"ad_group_object_identifier": "b1a1e59d-6f9a-4bde-8f0f-2b6f8c9f6a11", "directory_service_ext_id": "7e9749f3-e3ee-5f9b-ade8-e359777f681a", "ds_category_mapping_name": "ansible_ds_category_mapping"}, "changed": false}

TASK [Create AD Group to Category mapping with all attributes] *****************
fatal: [localhost]: FAILED! => {"changed": false, "msg": "Task Failed", "response": {"app_name": null, "batch_summary": null, "cluster_ext_ids": null, "completed_time": "2026-07-21T12:09:45.939392+00:00", "completion_details": null, "created_time": "2026-07-21T12:09:45.909670+00:00", "entities_affected": [{"ext_id": "f79bda38-c54a-4273-b75f-3afb35c320aa", "name": "ansible_ds_category_mapping", "rel": "microseg:config:category-mapping"}], "error_messages": [{"arguments_map": {"operation": "create category mapping", "reason": "Invalid object GUID passed: b1a1e59d-6f9a-4bde-8f0f-2b6f8c9f6a11"}, "code": "MIC-10007", "error_group": "FLOW_SERVICE_RPC_EXCEPTION", "locale": "en_US", "message": "Failed to create category mapping due to Invalid object GUID passed: b1a1e59d-6f9a-4bde-8f0f-2b6f8c9f6a11.", "severity": "ERROR"}], "ext_id": "ZXJnb24=:42ba596e-5739-4489-8081-693512bd5d92", "is_background_task": false, "is_cancelable": false, "last_updated_time": "2026-07-21T12:09:45.939391+00:00", "legacy_error_message": null, "number_of_entities_affected": 1, "number_of_subtasks": 0, "operation": "kIdCategorizationMappingCreate", "operation_description": "Create Catergory Mapping", "owned_by": {"ext_id": "00000000-0000-0000-0000-000000000000", "name": "admin"}, "parent_task": null, "progress_percentage": 100, "projectExtId": "00000000-0000-0000-0000-000000000000", "resource_links": null, "root_task": null, "started_time": "2026-07-21T12:09:45.919070+00:00", "status": "FAILED", "sub_steps": null, "sub_tasks": null, "warnings": null}}
...ignoring

TASK [Save DsCategoryMapping ext_id (when the create succeeded)] ***************
skipping: [localhost] => {"changed": false, "false_condition": "created_mapping is defined and created_mapping.ext_id is defined", "skip_reason": "Conditional result was False"}

TASK [Get DsCategoryMapping using ext_id] **************************************
skipping: [localhost] => {"changed": false, "false_condition": "ds_category_mapping_ext_id is defined", "skip_reason": "Conditional result was False"}

TASK [List all DsCategoryMappings] *********************************************
ok: [localhost] => {"changed": false, "response": [], "total_available_results": 0}

TASK [List DsCategoryMappings with filter] *************************************
ok: [localhost] => {"changed": false, "response": [], "total_available_results": 0}

TASK [List DsCategoryMappings with limit] **************************************
ok: [localhost] => {"changed": false, "response": [], "total_available_results": 0}

TASK [Update DsCategoryMapping with all attributes] ****************************
skipping: [localhost] => {"changed": false, "false_condition": "ds_category_mapping_ext_id is defined", "skip_reason": "Conditional result was False"}

TASK [Delete DsCategoryMapping] ************************************************
skipping: [localhost] => {"changed": false, "false_condition": "ds_category_mapping_ext_id is defined", "skip_reason": "Conditional result was False"}

PLAY RECAP *********************************************************************
localhost                  : ok=5    changed=0    unreachable=0    failed=0    skipped=4    rescued=0    ignored=1   

