[WARNING]: No inventory was parsed, only implicit localhost is available
[WARNING]: provided hosts list is empty, only localhost is available. Note that
the implicit localhost does not match 'all'
No config file found; using defaults

PLAY [UserPassword v4 module playbook] *****************************************

TASK [Setting variables] *******************************************************
ok: [localhost] => {"ansible_facts": {"changed_password": "ChangedStrong.Password.123", "reset_password": "ResetStrong.Password.123", "starting_password": "OldStrong.Password.123", "target_username": "user_pwd_example_tfqcaz"}, "changed": false}

TASK [Create a temporary local user for the password examples] *****************
[WARNING]: Module did not set no_log for is_force_reset_password_enabled
changed: [localhost] => {"changed": true, "error": null, "ext_id": "4fbca755-441f-5208-830a-6c9fa05abb23", "response": {"additional_attributes": null, "buckets_access_keys": null, "created_by": "00000000-0000-0000-0000-000000000000", "created_time": "2026-07-21T06:52:26.168498+00:00", "creation_type": "USERDEFINED", "default_landing_page_path": null, "description": "", "display_name": "", "email_id": "", "ext_id": "4fbca755-441f-5208-830a-6c9fa05abb23", "first_name": "AnsiblePwdExample", "hasObjectKeys": false, "idp_id": "d607d664-cc19-559f-a95c-4e8b4b7f6606", "is_force_reset_password_enabled": false, "last_login_time": "2026-07-21T06:52:26.092958+00:00", "last_name": "User", "last_updated_by": "00000000-0000-0000-0000-000000000000", "last_updated_time": "2026-07-21T06:52:26.168498+00:00", "links": null, "locale": "en-US", "middle_initial": "", "password": null, "region": "en-US", "status": "ACTIVE", "tenant_id": "59d5de78-a964-5746-8c6e-677c4c7a79df", "user_type": "LOCAL", "username": "user_pwd_example_tfqcaz"}}

TASK [Store user ext_id for later steps] ***************************************
ok: [localhost] => {"ansible_facts": {"target_user_ext_id": "4fbca755-441f-5208-830a-6c9fa05abb23"}, "changed": false}

TASK [Reset the user's password (admin action)] ********************************
changed: [localhost] => {"changed": true, "error": null, "ext_id": "4fbca755-441f-5208-830a-6c9fa05abb23", "response": {"message": "User Password reset successful."}, "task_ext_id": null}

TASK [Change the user's own password (self-serve, authenticate as that user)] ***
changed: [localhost] => {"changed": true, "error": null, "ext_id": null, "response": {"message": "User Password change successful."}, "task_ext_id": null}

TASK [Delete the temporary user] ***********************************************
changed: [localhost] => {"changed": true, "error": null, "response": {"api_version": "3.1", "cluster_reference": {"kind": "cluster", "uuid": "cae459ec-08db-475e-a5e5-151e390c9484"}, "completion_time": "2026-07-21T06:52:28Z", "completion_time_usecs": 1784616748725017, "creation_time": "2026-07-21T06:52:28Z", "creation_time_usecs": 1784616748486276, "entity_reference_list": [{"kind": "abac_user_capability", "uuid": "4fbca755-441f-5208-830a-6c9fa05abb23"}], "last_update_time": "2026-07-21T06:52:28Z", "logical_timestamp": 2, "operation_type": "delete_user_intentful", "percentage_complete": 100, "progress_message": "delete_user", "start_time": "2026-07-21T06:52:28Z", "start_time_usecs": 1784616748653968, "status": "SUCCEEDED", "subtask_reference_list": [], "uuid": "78aeeba7-ed77-40fd-8c37-e892562a2df7"}, "user_uuid": null, "uuid": "4fbca755-441f-5208-830a-6c9fa05abb23"}

PLAY RECAP *********************************************************************
localhost                  : ok=6    changed=4    unreachable=0    failed=0    skipped=0    rescued=0    ignored=0   

