[WARNING]: No inventory was parsed, only implicit localhost is available
[WARNING]: provided hosts list is empty, only localhost is available. Note that
the implicit localhost does not match 'all'
No config file found; using defaults

PLAY [RegisteredClient info playbook] ******************************************

TASK [Discover a registered client external ID from the live cluster] **********
ok: [localhost] => {"cache_control": "no-cache, no-store", "changed": false, "connection": "close", "content": "{\"$dataItemDiscriminator\":\"List\\u003ciam.v4.authz.Client\\u003e\",\"$objectType\":\"iam.v4.authz.ListClientsApiResponse\",\"$reserved\":{\"$fv\":\"v4.r1.b3\"},\"data\":[{\"$objectType\":\"iam.v4.authz.Client\",\"$reserved\":{\"$fv\":\"v4.r1.b3\"},\"createdTime\":\"2026-06-29T07:20:18.080897Z\",\"deploymentList\":[\"onPrem\"],\"description\":\"description\",\"displayName\":\"CatalogService\",\"extId\":\"21bc5e8e-5854-5bd4-8dcc-924f24b0ddf4\",\"lastUpdatedTime\":\"2026-06-29T07:20:18.080897Z\",\"name\":\"CatalogService\"}],\"metadata\":{\"$objectType\":\"common.v1.response.ApiResponseMetadata\",\"$reserved\":{\"$fv\":\"v1.r0\"},\"flags\":[{\"$objectType\":\"common.v1.config.Flag\",\"$reserved\":{\"$fv\":\"v1.r0\"},\"name\":\"hasError\",\"value\":false},{\"$objectType\":\"common.v1.config.Flag\",\"$reserved\":{\"$fv\":\"v1.r0\"},\"name\":\"isPaginated\",\"value\":true}],\"links\":[{\"$objectType\":\"common.v1.response.ApiLink\",\"$reserved\":{\"$fv\":\"v1.r0\"},\"href\":\"/api/iam/v4.1.b2/authz/clients?$limit=1\\u0026$page=0\",\"rel\":\"first\"},{\"$objectType\":\"common.v1.response.ApiLink\",\"$reserved\":{\"$fv\":\"v1.r0\"},\"href\":\"/api/iam/v4.1.b2/authz/clients?$limit=1\\u0026$page=0\",\"rel\":\"self\"},{\"$objectType\":\"common.v1.response.ApiLink\",\"$reserved\":{\"$fv\":\"v1.r0\"},\"href\":\"/api/iam/v4.1.b2/authz/clients?$limit=1\\u0026$page=22\",\"rel\":\"last\"}],\"totalAvailableResults\":23}}", "content_length": "1266", "content_security_policy": "connect-src 'self' wss: https://downloads.frame.nutanix.com https://downloads.frame.nutanix.us; default-src 'self' https://*.nutanix.com; frame-ancestors 'self' https://*.nutanix.com; frame-src 'self' https://*.nutanix.com blob: data:; img-src 'self' blob: data:; script-src 'self' 'unsafe-inline' 'unsafe-eval'; style-src 'self' 'unsafe-inline'", "content_type": "application/json", "cookies": {"NTNX_SESSION_ID": "2cd1b7e7-1010-4f56-b6d2-b566e76e8ef2"}, "cookies_string": "NTNX_SESSION_ID=2cd1b7e7-1010-4f56-b6d2-b566e76e8ef2", "date": "Tue, 21 Jul 2026 06:52:32 GMT", "elapsed": 0, "expires": "0", "json": {"$dataItemDiscriminator": "List<iam.v4.authz.Client>", "$objectType": "iam.v4.authz.ListClientsApiResponse", "$reserved": {"$fv": "v4.r1.b3"}, "data": [{"$objectType": "iam.v4.authz.Client", "$reserved": {"$fv": "v4.r1.b3"}, "createdTime": "2026-06-29T07:20:18.080897Z", "deploymentList": ["onPrem"], "description": "description", "displayName": "CatalogService", "extId": "21bc5e8e-5854-5bd4-8dcc-924f24b0ddf4", "lastUpdatedTime": "2026-06-29T07:20:18.080897Z", "name": "CatalogService"}], "metadata": {"$objectType": "common.v1.response.ApiResponseMetadata", "$reserved": {"$fv": "v1.r0"}, "flags": [{"$objectType": "common.v1.config.Flag", "$reserved": {"$fv": "v1.r0"}, "name": "hasError", "value": false}, {"$objectType": "common.v1.config.Flag", "$reserved": {"$fv": "v1.r0"}, "name": "isPaginated", "value": true}], "links": [{"$objectType": "common.v1.response.ApiLink", "$reserved": {"$fv": "v1.r0"}, "href": "/api/iam/v4.1.b2/authz/clients?$limit=1&$page=0", "rel": "first"}, {"$objectType": "common.v1.response.ApiLink", "$reserved": {"$fv": "v1.r0"}, "href": "/api/iam/v4.1.b2/authz/clients?$limit=1&$page=0", "rel": "self"}, {"$objectType": "common.v1.response.ApiLink", "$reserved": {"$fv": "v1.r0"}, "href": "/api/iam/v4.1.b2/authz/clients?$limit=1&$page=22", "rel": "last"}], "totalAvailableResults": 23}}, "msg": "OK (1266 bytes)", "pragma": "no-cache", "redirected": false, "server": "envoy", "set_cookie": "NTNX_SESSION_ID=2cd1b7e7-1010-4f56-b6d2-b566e76e8ef2;Max-Age=29700;Path=/;Secure;HttpOnly;SameSite=Lax", "status": 200, "strict_transport_security": "max-age=63072000; includeSubdomains; preload", "url": "https://10.44.76.28:9440/api/iam/v4.1.b2/authz/clients?$limit=1", "vary": "Origin, Accept-Encoding", "x_api_ratelimit_limit": "5", "x_api_ratelimit_refresh_period_seconds": "1", "x_api_ratelimit_remaining": "4", "x_api_ratelimit_reset": "0", "x_content_type_options": "nosniff", "x_dns_prefetch_control": "off", "x_envoy_upstream_service_time": "294", "x_frame_options": "SAMEORIGIN", "x_ntnx_env": "pc", "x_ntnx_product": "pc.7.6", "x_permitted_cross_domain_policies": "master-only", "x_xss_protection": "1; mode=block"}

TASK [Set the discovered ext_id] ***********************************************
ok: [localhost] => {"ansible_facts": {"registered_client_ext_id": "21bc5e8e-5854-5bd4-8dcc-924f24b0ddf4"}, "changed": false}

TASK [Fetch registered client using external ID] *******************************
ok: [localhost] => {"changed": false, "ext_id": "21bc5e8e-5854-5bd4-8dcc-924f24b0ddf4", "response": {"created_by": null, "created_time": "2026-06-29T07:20:18.080897+00:00", "deployment_list": ["onPrem"], "description": "description", "display_name": "CatalogService", "ext_id": "21bc5e8e-5854-5bd4-8dcc-924f24b0ddf4", "last_updated_time": "2026-06-29T07:20:18.080897+00:00", "links": null, "name": "CatalogService", "tenant_id": null}}

TASK [Show the fetched registered client] **************************************
ok: [localhost] => {
    "result.response": {
        "created_by": null,
        "created_time": "2026-06-29T07:20:18.080897+00:00",
        "deployment_list": [
            "onPrem"
        ],
        "description": "description",
        "display_name": "CatalogService",
        "ext_id": "21bc5e8e-5854-5bd4-8dcc-924f24b0ddf4",
        "last_updated_time": "2026-06-29T07:20:18.080897+00:00",
        "links": null,
        "name": "CatalogService",
        "tenant_id": null
    }
}

PLAY RECAP *********************************************************************
localhost                  : ok=4    changed=0    unreachable=0    failed=0    skipped=0    rescued=0    ignored=0   

