[WARNING]: No inventory was parsed, only implicit localhost is available
[WARNING]: provided hosts list is empty, only localhost is available. Note that the implicit localhost does not match 'all'
No config file found; using defaults

PLAY [Cluster Capabilities info playbook] **************************************

TASK [List all cluster capabilities registered against Prism Central] **********
ok: [localhost] => {"changed": false, "response": [{"capabilities": [{"capability_name": "NIC_TEAM_TBL_SYNC_ENABLE", "is_supported": true}, {"capability_name": "SUPPORTS_ADVANCED_NETWORK_FUNCTION_NICS", "is_supported": true}, {"capability_name": "SUPPORTS_DP_OFFLOAD_NIC_PROFILE_V1", "is_supported": true}, {"capability_name": "SUPPORTS_GLOBAL_NETWORK_CONFIG", "is_supported": true}, {"capability_name": "SUPPORTS_IPFIX_EXPORTER_V2", "is_supported": true}, {"capability_name": "SUPPORTS_IPFIX_EXPORTER_V3", "is_supported": true}, {"capability_name": "SUPPORTS_IPFIX_EXPORTER_V4", "is_supported": true}, {"capability_name": "SUPPORTS_NETWORK_ASYNC_RPCS", "is_supported": true}, {"capability_name": "SUPPORTS_PCIE_PASSTHROUGH_NIC_PROFILE_V1", "is_supported": true}, {"capability_name": "SUPPORTS_PC_DVS_V1", "is_supported": true}, {"capability_name": "SUPPORTS_PC_DVS_V2", "is_supported": true}, {"capability_name": "SUPPORTS_QOS_ASSOCIATION_V1", "is_supported": true}, {"capability_name": "SUPPORTS_SMSP_PE_IDF_SYNC", "is_supported": true}, {"capability_name": "SUPPORTS_SPAN_V2", "is_supported": true}, {"capability_name": "SUPPORTS_SPAN_V3", "is_supported": true}, {"capability_name": "SUPPORTS_SRIOV_NIC_PROFILE_V1", "is_supported": true}], "cluster_id": "0006555e-4e63-4a5e-185b-ac1f6b6f97e2", "ext_id": null, "links": null, "metadata": null, "tenant_id": null}], "total_available_results": null}

TASK [Show list-all response] **************************************************
ok: [localhost] => {
    "msg": {
        "changed": false,
        "failed": false,
        "response": [
            {
                "capabilities": [
                    {
                        "capability_name": "NIC_TEAM_TBL_SYNC_ENABLE",
                        "is_supported": true
                    },
                    {
                        "capability_name": "SUPPORTS_ADVANCED_NETWORK_FUNCTION_NICS",
                        "is_supported": true
                    },
                    {
                        "capability_name": "SUPPORTS_DP_OFFLOAD_NIC_PROFILE_V1",
                        "is_supported": true
                    },
                    {
                        "capability_name": "SUPPORTS_GLOBAL_NETWORK_CONFIG",
                        "is_supported": true
                    },
                    {
                        "capability_name": "SUPPORTS_IPFIX_EXPORTER_V2",
                        "is_supported": true
                    },
                    {
                        "capability_name": "SUPPORTS_IPFIX_EXPORTER_V3",
                        "is_supported": true
                    },
                    {
                        "capability_name": "SUPPORTS_IPFIX_EXPORTER_V4",
                        "is_supported": true
                    },
                    {
                        "capability_name": "SUPPORTS_NETWORK_ASYNC_RPCS",
                        "is_supported": true
                    },
                    {
                        "capability_name": "SUPPORTS_PCIE_PASSTHROUGH_NIC_PROFILE_V1",
                        "is_supported": true
                    },
                    {
                        "capability_name": "SUPPORTS_PC_DVS_V1",
                        "is_supported": true
                    },
                    {
                        "capability_name": "SUPPORTS_PC_DVS_V2",
                        "is_supported": true
                    },
                    {
                        "capability_name": "SUPPORTS_QOS_ASSOCIATION_V1",
                        "is_supported": true
                    },
                    {
                        "capability_name": "SUPPORTS_SMSP_PE_IDF_SYNC",
                        "is_supported": true
                    },
                    {
                        "capability_name": "SUPPORTS_SPAN_V2",
                        "is_supported": true
                    },
                    {
                        "capability_name": "SUPPORTS_SPAN_V3",
                        "is_supported": true
                    },
                    {
                        "capability_name": "SUPPORTS_SRIOV_NIC_PROFILE_V1",
                        "is_supported": true
                    }
                ],
                "cluster_id": "0006555e-4e63-4a5e-185b-ac1f6b6f97e2",
                "ext_id": null,
                "links": null,
                "metadata": null,
                "tenant_id": null
            }
        ],
        "total_available_results": null
    }
}

TASK [List cluster capabilities with a page limit] *****************************
ok: [localhost] => {"changed": false, "response": [{"capabilities": [{"capability_name": "NIC_TEAM_TBL_SYNC_ENABLE", "is_supported": true}, {"capability_name": "SUPPORTS_ADVANCED_NETWORK_FUNCTION_NICS", "is_supported": true}, {"capability_name": "SUPPORTS_DP_OFFLOAD_NIC_PROFILE_V1", "is_supported": true}, {"capability_name": "SUPPORTS_GLOBAL_NETWORK_CONFIG", "is_supported": true}, {"capability_name": "SUPPORTS_IPFIX_EXPORTER_V2", "is_supported": true}, {"capability_name": "SUPPORTS_IPFIX_EXPORTER_V3", "is_supported": true}, {"capability_name": "SUPPORTS_IPFIX_EXPORTER_V4", "is_supported": true}, {"capability_name": "SUPPORTS_NETWORK_ASYNC_RPCS", "is_supported": true}, {"capability_name": "SUPPORTS_PCIE_PASSTHROUGH_NIC_PROFILE_V1", "is_supported": true}, {"capability_name": "SUPPORTS_PC_DVS_V1", "is_supported": true}, {"capability_name": "SUPPORTS_PC_DVS_V2", "is_supported": true}, {"capability_name": "SUPPORTS_QOS_ASSOCIATION_V1", "is_supported": true}, {"capability_name": "SUPPORTS_SMSP_PE_IDF_SYNC", "is_supported": true}, {"capability_name": "SUPPORTS_SPAN_V2", "is_supported": true}, {"capability_name": "SUPPORTS_SPAN_V3", "is_supported": true}, {"capability_name": "SUPPORTS_SRIOV_NIC_PROFILE_V1", "is_supported": true}], "cluster_id": "0006555e-4e63-4a5e-185b-ac1f6b6f97e2", "ext_id": null, "links": null, "metadata": null, "tenant_id": null}], "total_available_results": null}

TASK [Show limited-list response] **********************************************
ok: [localhost] => {
    "msg": {
        "changed": false,
        "failed": false,
        "response": [
            {
                "capabilities": [
                    {
                        "capability_name": "NIC_TEAM_TBL_SYNC_ENABLE",
                        "is_supported": true
                    },
                    {
                        "capability_name": "SUPPORTS_ADVANCED_NETWORK_FUNCTION_NICS",
                        "is_supported": true
                    },
                    {
                        "capability_name": "SUPPORTS_DP_OFFLOAD_NIC_PROFILE_V1",
                        "is_supported": true
                    },
                    {
                        "capability_name": "SUPPORTS_GLOBAL_NETWORK_CONFIG",
                        "is_supported": true
                    },
                    {
                        "capability_name": "SUPPORTS_IPFIX_EXPORTER_V2",
                        "is_supported": true
                    },
                    {
                        "capability_name": "SUPPORTS_IPFIX_EXPORTER_V3",
                        "is_supported": true
                    },
                    {
                        "capability_name": "SUPPORTS_IPFIX_EXPORTER_V4",
                        "is_supported": true
                    },
                    {
                        "capability_name": "SUPPORTS_NETWORK_ASYNC_RPCS",
                        "is_supported": true
                    },
                    {
                        "capability_name": "SUPPORTS_PCIE_PASSTHROUGH_NIC_PROFILE_V1",
                        "is_supported": true
                    },
                    {
                        "capability_name": "SUPPORTS_PC_DVS_V1",
                        "is_supported": true
                    },
                    {
                        "capability_name": "SUPPORTS_PC_DVS_V2",
                        "is_supported": true
                    },
                    {
                        "capability_name": "SUPPORTS_QOS_ASSOCIATION_V1",
                        "is_supported": true
                    },
                    {
                        "capability_name": "SUPPORTS_SMSP_PE_IDF_SYNC",
                        "is_supported": true
                    },
                    {
                        "capability_name": "SUPPORTS_SPAN_V2",
                        "is_supported": true
                    },
                    {
                        "capability_name": "SUPPORTS_SPAN_V3",
                        "is_supported": true
                    },
                    {
                        "capability_name": "SUPPORTS_SRIOV_NIC_PROFILE_V1",
                        "is_supported": true
                    }
                ],
                "cluster_id": "0006555e-4e63-4a5e-185b-ac1f6b6f97e2",
                "ext_id": null,
                "links": null,
                "metadata": null,
                "tenant_id": null
            }
        ],
        "total_available_results": null
    }
}

TASK [Capture the first cluster_id (used as ext_id for follow-up tasks)] *******
ok: [localhost] => {"ansible_facts": {"first_cluster_id": "0006555e-4e63-4a5e-185b-ac1f6b6f97e2"}, "changed": false}

TASK [List cluster capabilities filtered by clusterId] *************************
ok: [localhost] => {"changed": false, "response": [{"capabilities": [{"capability_name": "NIC_TEAM_TBL_SYNC_ENABLE", "is_supported": true}, {"capability_name": "SUPPORTS_ADVANCED_NETWORK_FUNCTION_NICS", "is_supported": true}, {"capability_name": "SUPPORTS_DP_OFFLOAD_NIC_PROFILE_V1", "is_supported": true}, {"capability_name": "SUPPORTS_GLOBAL_NETWORK_CONFIG", "is_supported": true}, {"capability_name": "SUPPORTS_IPFIX_EXPORTER_V2", "is_supported": true}, {"capability_name": "SUPPORTS_IPFIX_EXPORTER_V3", "is_supported": true}, {"capability_name": "SUPPORTS_IPFIX_EXPORTER_V4", "is_supported": true}, {"capability_name": "SUPPORTS_NETWORK_ASYNC_RPCS", "is_supported": true}, {"capability_name": "SUPPORTS_PCIE_PASSTHROUGH_NIC_PROFILE_V1", "is_supported": true}, {"capability_name": "SUPPORTS_PC_DVS_V1", "is_supported": true}, {"capability_name": "SUPPORTS_PC_DVS_V2", "is_supported": true}, {"capability_name": "SUPPORTS_QOS_ASSOCIATION_V1", "is_supported": true}, {"capability_name": "SUPPORTS_SMSP_PE_IDF_SYNC", "is_supported": true}, {"capability_name": "SUPPORTS_SPAN_V2", "is_supported": true}, {"capability_name": "SUPPORTS_SPAN_V3", "is_supported": true}, {"capability_name": "SUPPORTS_SRIOV_NIC_PROFILE_V1", "is_supported": true}], "cluster_id": "0006555e-4e63-4a5e-185b-ac1f6b6f97e2", "ext_id": null, "links": null, "metadata": null, "tenant_id": null}], "total_available_results": null}

TASK [Show filtered-list response] *********************************************
ok: [localhost] => {
    "msg": {
        "changed": false,
        "failed": false,
        "response": [
            {
                "capabilities": [
                    {
                        "capability_name": "NIC_TEAM_TBL_SYNC_ENABLE",
                        "is_supported": true
                    },
                    {
                        "capability_name": "SUPPORTS_ADVANCED_NETWORK_FUNCTION_NICS",
                        "is_supported": true
                    },
                    {
                        "capability_name": "SUPPORTS_DP_OFFLOAD_NIC_PROFILE_V1",
                        "is_supported": true
                    },
                    {
                        "capability_name": "SUPPORTS_GLOBAL_NETWORK_CONFIG",
                        "is_supported": true
                    },
                    {
                        "capability_name": "SUPPORTS_IPFIX_EXPORTER_V2",
                        "is_supported": true
                    },
                    {
                        "capability_name": "SUPPORTS_IPFIX_EXPORTER_V3",
                        "is_supported": true
                    },
                    {
                        "capability_name": "SUPPORTS_IPFIX_EXPORTER_V4",
                        "is_supported": true
                    },
                    {
                        "capability_name": "SUPPORTS_NETWORK_ASYNC_RPCS",
                        "is_supported": true
                    },
                    {
                        "capability_name": "SUPPORTS_PCIE_PASSTHROUGH_NIC_PROFILE_V1",
                        "is_supported": true
                    },
                    {
                        "capability_name": "SUPPORTS_PC_DVS_V1",
                        "is_supported": true
                    },
                    {
                        "capability_name": "SUPPORTS_PC_DVS_V2",
                        "is_supported": true
                    },
                    {
                        "capability_name": "SUPPORTS_QOS_ASSOCIATION_V1",
                        "is_supported": true
                    },
                    {
                        "capability_name": "SUPPORTS_SMSP_PE_IDF_SYNC",
                        "is_supported": true
                    },
                    {
                        "capability_name": "SUPPORTS_SPAN_V2",
                        "is_supported": true
                    },
                    {
                        "capability_name": "SUPPORTS_SPAN_V3",
                        "is_supported": true
                    },
                    {
                        "capability_name": "SUPPORTS_SRIOV_NIC_PROFILE_V1",
                        "is_supported": true
                    }
                ],
                "cluster_id": "0006555e-4e63-4a5e-185b-ac1f6b6f97e2",
                "ext_id": null,
                "links": null,
                "metadata": null,
                "tenant_id": null
            }
        ],
        "total_available_results": null
    }
}

TASK [List cluster capabilities sorted by clusterId ascending] *****************
ok: [localhost] => {"changed": false, "response": [{"capabilities": [{"capability_name": "NIC_TEAM_TBL_SYNC_ENABLE", "is_supported": true}, {"capability_name": "SUPPORTS_ADVANCED_NETWORK_FUNCTION_NICS", "is_supported": true}, {"capability_name": "SUPPORTS_DP_OFFLOAD_NIC_PROFILE_V1", "is_supported": true}, {"capability_name": "SUPPORTS_GLOBAL_NETWORK_CONFIG", "is_supported": true}, {"capability_name": "SUPPORTS_IPFIX_EXPORTER_V2", "is_supported": true}, {"capability_name": "SUPPORTS_IPFIX_EXPORTER_V3", "is_supported": true}, {"capability_name": "SUPPORTS_IPFIX_EXPORTER_V4", "is_supported": true}, {"capability_name": "SUPPORTS_NETWORK_ASYNC_RPCS", "is_supported": true}, {"capability_name": "SUPPORTS_PCIE_PASSTHROUGH_NIC_PROFILE_V1", "is_supported": true}, {"capability_name": "SUPPORTS_PC_DVS_V1", "is_supported": true}, {"capability_name": "SUPPORTS_PC_DVS_V2", "is_supported": true}, {"capability_name": "SUPPORTS_QOS_ASSOCIATION_V1", "is_supported": true}, {"capability_name": "SUPPORTS_SMSP_PE_IDF_SYNC", "is_supported": true}, {"capability_name": "SUPPORTS_SPAN_V2", "is_supported": true}, {"capability_name": "SUPPORTS_SPAN_V3", "is_supported": true}, {"capability_name": "SUPPORTS_SRIOV_NIC_PROFILE_V1", "is_supported": true}], "cluster_id": "0006555e-4e63-4a5e-185b-ac1f6b6f97e2", "ext_id": null, "links": null, "metadata": null, "tenant_id": null}], "total_available_results": null}

TASK [Show asc-ordered response] ***********************************************
ok: [localhost] => {
    "msg": {
        "changed": false,
        "failed": false,
        "response": [
            {
                "capabilities": [
                    {
                        "capability_name": "NIC_TEAM_TBL_SYNC_ENABLE",
                        "is_supported": true
                    },
                    {
                        "capability_name": "SUPPORTS_ADVANCED_NETWORK_FUNCTION_NICS",
                        "is_supported": true
                    },
                    {
                        "capability_name": "SUPPORTS_DP_OFFLOAD_NIC_PROFILE_V1",
                        "is_supported": true
                    },
                    {
                        "capability_name": "SUPPORTS_GLOBAL_NETWORK_CONFIG",
                        "is_supported": true
                    },
                    {
                        "capability_name": "SUPPORTS_IPFIX_EXPORTER_V2",
                        "is_supported": true
                    },
                    {
                        "capability_name": "SUPPORTS_IPFIX_EXPORTER_V3",
                        "is_supported": true
                    },
                    {
                        "capability_name": "SUPPORTS_IPFIX_EXPORTER_V4",
                        "is_supported": true
                    },
                    {
                        "capability_name": "SUPPORTS_NETWORK_ASYNC_RPCS",
                        "is_supported": true
                    },
                    {
                        "capability_name": "SUPPORTS_PCIE_PASSTHROUGH_NIC_PROFILE_V1",
                        "is_supported": true
                    },
                    {
                        "capability_name": "SUPPORTS_PC_DVS_V1",
                        "is_supported": true
                    },
                    {
                        "capability_name": "SUPPORTS_PC_DVS_V2",
                        "is_supported": true
                    },
                    {
                        "capability_name": "SUPPORTS_QOS_ASSOCIATION_V1",
                        "is_supported": true
                    },
                    {
                        "capability_name": "SUPPORTS_SMSP_PE_IDF_SYNC",
                        "is_supported": true
                    },
                    {
                        "capability_name": "SUPPORTS_SPAN_V2",
                        "is_supported": true
                    },
                    {
                        "capability_name": "SUPPORTS_SPAN_V3",
                        "is_supported": true
                    },
                    {
                        "capability_name": "SUPPORTS_SRIOV_NIC_PROFILE_V1",
                        "is_supported": true
                    }
                ],
                "cluster_id": "0006555e-4e63-4a5e-185b-ac1f6b6f97e2",
                "ext_id": null,
                "links": null,
                "metadata": null,
                "tenant_id": null
            }
        ],
        "total_available_results": null
    }
}

TASK [List cluster capabilities sorted by clusterId descending] ****************
ok: [localhost] => {"changed": false, "response": [{"capabilities": [{"capability_name": "NIC_TEAM_TBL_SYNC_ENABLE", "is_supported": true}, {"capability_name": "SUPPORTS_ADVANCED_NETWORK_FUNCTION_NICS", "is_supported": true}, {"capability_name": "SUPPORTS_DP_OFFLOAD_NIC_PROFILE_V1", "is_supported": true}, {"capability_name": "SUPPORTS_GLOBAL_NETWORK_CONFIG", "is_supported": true}, {"capability_name": "SUPPORTS_IPFIX_EXPORTER_V2", "is_supported": true}, {"capability_name": "SUPPORTS_IPFIX_EXPORTER_V3", "is_supported": true}, {"capability_name": "SUPPORTS_IPFIX_EXPORTER_V4", "is_supported": true}, {"capability_name": "SUPPORTS_NETWORK_ASYNC_RPCS", "is_supported": true}, {"capability_name": "SUPPORTS_PCIE_PASSTHROUGH_NIC_PROFILE_V1", "is_supported": true}, {"capability_name": "SUPPORTS_PC_DVS_V1", "is_supported": true}, {"capability_name": "SUPPORTS_PC_DVS_V2", "is_supported": true}, {"capability_name": "SUPPORTS_QOS_ASSOCIATION_V1", "is_supported": true}, {"capability_name": "SUPPORTS_SMSP_PE_IDF_SYNC", "is_supported": true}, {"capability_name": "SUPPORTS_SPAN_V2", "is_supported": true}, {"capability_name": "SUPPORTS_SPAN_V3", "is_supported": true}, {"capability_name": "SUPPORTS_SRIOV_NIC_PROFILE_V1", "is_supported": true}], "cluster_id": "0006555e-4e63-4a5e-185b-ac1f6b6f97e2", "ext_id": null, "links": null, "metadata": null, "tenant_id": null}], "total_available_results": null}

TASK [Show desc-ordered response] **********************************************
ok: [localhost] => {
    "msg": {
        "changed": false,
        "failed": false,
        "response": [
            {
                "capabilities": [
                    {
                        "capability_name": "NIC_TEAM_TBL_SYNC_ENABLE",
                        "is_supported": true
                    },
                    {
                        "capability_name": "SUPPORTS_ADVANCED_NETWORK_FUNCTION_NICS",
                        "is_supported": true
                    },
                    {
                        "capability_name": "SUPPORTS_DP_OFFLOAD_NIC_PROFILE_V1",
                        "is_supported": true
                    },
                    {
                        "capability_name": "SUPPORTS_GLOBAL_NETWORK_CONFIG",
                        "is_supported": true
                    },
                    {
                        "capability_name": "SUPPORTS_IPFIX_EXPORTER_V2",
                        "is_supported": true
                    },
                    {
                        "capability_name": "SUPPORTS_IPFIX_EXPORTER_V3",
                        "is_supported": true
                    },
                    {
                        "capability_name": "SUPPORTS_IPFIX_EXPORTER_V4",
                        "is_supported": true
                    },
                    {
                        "capability_name": "SUPPORTS_NETWORK_ASYNC_RPCS",
                        "is_supported": true
                    },
                    {
                        "capability_name": "SUPPORTS_PCIE_PASSTHROUGH_NIC_PROFILE_V1",
                        "is_supported": true
                    },
                    {
                        "capability_name": "SUPPORTS_PC_DVS_V1",
                        "is_supported": true
                    },
                    {
                        "capability_name": "SUPPORTS_PC_DVS_V2",
                        "is_supported": true
                    },
                    {
                        "capability_name": "SUPPORTS_QOS_ASSOCIATION_V1",
                        "is_supported": true
                    },
                    {
                        "capability_name": "SUPPORTS_SMSP_PE_IDF_SYNC",
                        "is_supported": true
                    },
                    {
                        "capability_name": "SUPPORTS_SPAN_V2",
                        "is_supported": true
                    },
                    {
                        "capability_name": "SUPPORTS_SPAN_V3",
                        "is_supported": true
                    },
                    {
                        "capability_name": "SUPPORTS_SRIOV_NIC_PROFILE_V1",
                        "is_supported": true
                    }
                ],
                "cluster_id": "0006555e-4e63-4a5e-185b-ac1f6b6f97e2",
                "ext_id": null,
                "links": null,
                "metadata": null,
                "tenant_id": null
            }
        ],
        "total_available_results": null
    }
}

TASK [Fetch a single cluster capability entity by external ID] *****************
ok: [localhost] => {"changed": false, "ext_id": "0006555e-4e63-4a5e-185b-ac1f6b6f97e2", "response": {"capabilities": [{"capability_name": "NIC_TEAM_TBL_SYNC_ENABLE", "is_supported": true}, {"capability_name": "SUPPORTS_ADVANCED_NETWORK_FUNCTION_NICS", "is_supported": true}, {"capability_name": "SUPPORTS_DP_OFFLOAD_NIC_PROFILE_V1", "is_supported": true}, {"capability_name": "SUPPORTS_GLOBAL_NETWORK_CONFIG", "is_supported": true}, {"capability_name": "SUPPORTS_IPFIX_EXPORTER_V2", "is_supported": true}, {"capability_name": "SUPPORTS_IPFIX_EXPORTER_V3", "is_supported": true}, {"capability_name": "SUPPORTS_IPFIX_EXPORTER_V4", "is_supported": true}, {"capability_name": "SUPPORTS_NETWORK_ASYNC_RPCS", "is_supported": true}, {"capability_name": "SUPPORTS_PCIE_PASSTHROUGH_NIC_PROFILE_V1", "is_supported": true}, {"capability_name": "SUPPORTS_PC_DVS_V1", "is_supported": true}, {"capability_name": "SUPPORTS_PC_DVS_V2", "is_supported": true}, {"capability_name": "SUPPORTS_QOS_ASSOCIATION_V1", "is_supported": true}, {"capability_name": "SUPPORTS_SMSP_PE_IDF_SYNC", "is_supported": true}, {"capability_name": "SUPPORTS_SPAN_V2", "is_supported": true}, {"capability_name": "SUPPORTS_SPAN_V3", "is_supported": true}, {"capability_name": "SUPPORTS_SRIOV_NIC_PROFILE_V1", "is_supported": true}], "cluster_id": "0006555e-4e63-4a5e-185b-ac1f6b6f97e2", "ext_id": null, "links": null, "metadata": null, "tenant_id": null}}

TASK [Show get-by-ext_id response] *********************************************
ok: [localhost] => {
    "msg": {
        "changed": false,
        "ext_id": "0006555e-4e63-4a5e-185b-ac1f6b6f97e2",
        "failed": false,
        "response": {
            "capabilities": [
                {
                    "capability_name": "NIC_TEAM_TBL_SYNC_ENABLE",
                    "is_supported": true
                },
                {
                    "capability_name": "SUPPORTS_ADVANCED_NETWORK_FUNCTION_NICS",
                    "is_supported": true
                },
                {
                    "capability_name": "SUPPORTS_DP_OFFLOAD_NIC_PROFILE_V1",
                    "is_supported": true
                },
                {
                    "capability_name": "SUPPORTS_GLOBAL_NETWORK_CONFIG",
                    "is_supported": true
                },
                {
                    "capability_name": "SUPPORTS_IPFIX_EXPORTER_V2",
                    "is_supported": true
                },
                {
                    "capability_name": "SUPPORTS_IPFIX_EXPORTER_V3",
                    "is_supported": true
                },
                {
                    "capability_name": "SUPPORTS_IPFIX_EXPORTER_V4",
                    "is_supported": true
                },
                {
                    "capability_name": "SUPPORTS_NETWORK_ASYNC_RPCS",
                    "is_supported": true
                },
                {
                    "capability_name": "SUPPORTS_PCIE_PASSTHROUGH_NIC_PROFILE_V1",
                    "is_supported": true
                },
                {
                    "capability_name": "SUPPORTS_PC_DVS_V1",
                    "is_supported": true
                },
                {
                    "capability_name": "SUPPORTS_PC_DVS_V2",
                    "is_supported": true
                },
                {
                    "capability_name": "SUPPORTS_QOS_ASSOCIATION_V1",
                    "is_supported": true
                },
                {
                    "capability_name": "SUPPORTS_SMSP_PE_IDF_SYNC",
                    "is_supported": true
                },
                {
                    "capability_name": "SUPPORTS_SPAN_V2",
                    "is_supported": true
                },
                {
                    "capability_name": "SUPPORTS_SPAN_V3",
                    "is_supported": true
                },
                {
                    "capability_name": "SUPPORTS_SRIOV_NIC_PROFILE_V1",
                    "is_supported": true
                }
            ],
            "cluster_id": "0006555e-4e63-4a5e-185b-ac1f6b6f97e2",
            "ext_id": null,
            "links": null,
            "metadata": null,
            "tenant_id": null
        }
    }
}

PLAY RECAP *********************************************************************
localhost                  : ok=13   changed=0    unreachable=0    failed=0    skipped=0    rescued=0    ignored=0   

