[WARNING]: No inventory was parsed, only implicit localhost is available
[WARNING]: provided hosts list is empty, only localhost is available. Note that the implicit localhost does not match 'all'
No config file found; using defaults

PLAY [LCM Bundle playbook] *****************************************************

TASK [Set variables] ***********************************************************
ok: [localhost] => {"ansible_facts": {"bundle_name": "lcm-bundle-ansible-example.tar.gz"}, "changed": false}

TASK [Create an LCM bundle with all attributes] ********************************
[ERROR]: Task failed: Module failed: Task Failed
Origin: /tmp/codegen/b544dda3cd5b4b03b0e09d2f7c9ee16f/repo/examples/life_cycle_management/Bundle/bundle_v2.yml:32:7

30         bundle_name: "lcm-bundle-ansible-example.tar.gz"
31
32     - name: Create an LCM bundle with all attributes
         ^ column 7

fatal: [localhost]: FAILED! => {"changed": false, "msg": "Task Failed", "response": {"app_name": null, "batch_summary": null, "cluster_ext_ids": ["cae459ec-08db-475e-a5e5-151e390c9484"], "completed_time": "2026-07-20T14:27:15.365558+00:00", "completion_details": null, "created_time": "2026-07-20T14:27:14.915067+00:00", "entities_affected": null, "error_messages": [{"arguments_map": null, "code": "TSKS-20801", "error_group": "LEGACY_ERROR", "locale": "en_US", "message": "Operation failed due to legacy error and 'legacyErrorMessage' should be referred to for details", "severity": "ERROR"}], "ext_id": "ZXJnb24=:e1a32cec-8f97-51c2-8cd1-fc282c305699", "is_background_task": false, "is_cancelable": false, "last_updated_time": "2026-07-20T14:27:15.365556+00:00", "legacy_error_message": "Operation with root task d6e91b35-2026-49d4-5916-f72de9f38d52 is in-progress for cluster cae459ec-08db-475e-a5e5-151e390c9484", "number_of_entities_affected": 0, "number_of_subtasks": 1, "operation": "CreateBundle", "operation_description": "Create Bundle", "owned_by": {"ext_id": "00000000-0000-0000-0000-000000000000", "name": "admin"}, "parent_task": null, "progress_percentage": 100, "projectExtId": "00000000-0000-0000-0000-000000000000", "resource_links": null, "root_task": null, "started_time": "2026-07-20T14:27:14.915067+00:00", "status": "FAILED", "sub_steps": null, "sub_tasks": [{"ext_id": "ZXJnb24=:6976aa90-dd2c-466e-4d26-a7c3b27f3281", "href": "https://10.44.76.28:9440/api/prism/v4.3/config/tasks/ZXJnb24=:6976aa90-dd2c-466e-4d26-a7c3b27f3281", "rel": "subtask"}], "warnings": null}}
...ignoring

TASK [Set LCM bundle ext_id] ***************************************************
skipping: [localhost] => {"changed": false, "false_condition": "bundle_create.ext_id is defined", "skip_reason": "Conditional result was False"}

TASK [Fetch LCM bundle using ext_id] *******************************************
skipping: [localhost] => {"changed": false, "false_condition": "bundle_ext_id is defined", "skip_reason": "Conditional result was False"}

TASK [List all LCM bundles] ****************************************************
ok: [localhost] => {"changed": false, "response": [], "total_available_results": 0}

TASK [List LCM bundles with filter] ********************************************
ok: [localhost] => {"changed": false, "response": [], "total_available_results": 0}

TASK [List LCM bundles with limit] *********************************************
ok: [localhost] => {"changed": false, "response": [], "total_available_results": 0}

TASK [Delete the LCM bundle] ***************************************************
skipping: [localhost] => {"changed": false, "false_condition": "bundle_ext_id is defined", "skip_reason": "Conditional result was False"}

PLAY RECAP *********************************************************************
localhost                  : ok=5    changed=0    unreachable=0    failed=0    skipped=3    rescued=0    ignored=1   

