[WARNING]: No inventory was parsed, only implicit localhost is available
[WARNING]: provided hosts list is empty, only localhost is available. Note that the implicit localhost does not match 'all'
No config file found; using defaults

PLAY [NC2A AWS VPC info playbook] **********************************************

TASK [Discover an NC2A Prism Element cluster] **********************************
ok: [localhost] => {"changed": false, "error": null, "response": [{"backup_eligibility_score": 1, "categories": null, "cluster_profile_ext_id": null, "config": {"authorized_public_key_list": [{"key": "ssh-rsa AAAAB3NzaC1yc2EAAAADAQABAAABgQDds8wxvJkt0Z/gXOLu8/q0ur7n71FNhVC6FUkhwpmu4gs+WVUi0BeyfJb7jJFFNLzbgmPCxEiAXwURw++74HWMiOpLg9vCKZiftaZxP84Fw8q8c1sgYKCoDsxlwYSIkAgwnfCnQOKlhEO+IHPhEYkoRNm+yu6o3iat0miyLyMZ8NvfLLFaUSPEQvWLVu4DStRd/w4kP5ik16oSe+uHH/jXoVmNaBigp1b9IOMLmG4QcXhuNOoTdP7Wk56JDmmtLCicAm820FHh+8cgiwqzfnXumQoVBDeAj0TaOxvFqIbuYAI3T80wCOXZgDzQa+0nyVWzyQLU3us33SUjoMiJygO90wg80qzriVxvTlGJ0AcDvNrDF1P190MisWDRXa6cP1LhMzBoU8NlSDAofd1Ey/Gj36TPWoJI0vB4hlu0gZmRUiL2b6FeW12P38BLewbYL+GO/VnUPTke9fe4VtmBuQiZO5SYaa6ccabMdkkEr9jnn1t+v6y9tGVqsFXu3RPo2JM= nutanix@ntnx-18fm6g460083-d-cvm", "name": "adf0c9e0-4051-4cd2-9f6f-ca9f962e941b"}, {"key": "ssh-rsa AAAAB3NzaC1yc2EAAAADAQABAAABgQDIcx1XJP0fYzdetHAnyNijUyFOJCli8OITqix1mpuqfPUg2mEhQnbkxmdT4K9e+I6NadcDKxADsBWWcEwQXGuowgVzPByJmMXrmCfE36Bsit2iVRuFxxnImyiXcTPXcz1IQWvaszUs9vFHtjYdFcRhTnVhLCCKRr8XkR3OgWiuXzUmrOZZPfY06WWhhCXhuVo2WfgYA0nSFXQpLyQvCfQvo+ukM8XPZN/crFtD7xqhL2h0GWYR9HMJJ1TufWUjt0fRVDk/Ja1Pur3bPJAxruGZ1cUfmpKn5f2bJVBXQ2g36Fkxo6qXAzgIVbW3jy0+nZicZMf0vW49YkFPP6P++7F9KwQXwDQg7qiFZngjqwj1EfzPUtdtrafmrbkTUgD2k6FQEiKfq1Z4Jhp5MYZKH1MH4cUVLQUe16Qopyix7tQ9Hcf58g1kaXRKE/HtHXMdANfvZ8nYFRVXmezcE7EwuctW61HwJgP5qdOh8uQm7dd4HIdPkBoyyZhTxtAEq9L2jXc= root@phoenix", "name": "10.46.136.28"}, {"key": "ssh-rsa AAAAB3NzaC1yc2EAAAABIwAAAQEAw8NhpiLG/6c8c0LocaQVM6+x8yBvLS+z13nYlqzSKr64HQSH+IIx14bS+uh0xf8ou5ROnbUa44YM9qG2RBK1hBVrwTIKZBwFwOTxDuXH9YoswqflnOeyTGUFerrMxlg5iYvKE01QIErKWt/BJ+hK/qVQi6SHh/WhyjAGNQPxjPBG3oEUFoLV9uDLX9RT/sLIQpBf91DCbF9+2rSToqjydj36d38JbmuGJGqr+DrEd0lKzfiJiQ39t3AXBE1bY2ISX+uwq07XkYZbrHaijrxnOBFZE7ETQmyxdcOvgDxvhnhZpFsUqbPqIqa45CwFWV+btzITvpJkveYjGSGR7ZJNHQ== nutanix@titan", "name": "agave"}, {"key": "ssh-rsa AAAAB3NzaC1yc2EAAAADAQABAAABAQC6oDEABPvDtwtOFEJhu7sx9oUZskh0R4CWW6IM9uIxVtjYR/XXu587rXKac34InclJ3U3+PFQcAgEvdw2qiCEWWWMFMiALMneDELPd5qepKRrFJxc3hkyfagot3n7i6r7Y83ceIII4qM1mGLdUA3XdSWlttbgugnBrfB9yLq/BgtVqBvBVFayTGb6IsoMUSbODX6zZEt9Uzh/Yr49DV40ULpGhSYS9vWFB3GrajrliQ9Ea8oOB+8vK9Cavf7IOsaIaPsGI20mypeKFn4qcinBKc6O3PqU3YyYv7pLJWAvwXr9D9+rukgNAhKnd1fFQVLj4sAHA4ixfQk9+0kgAJM4P", "name": "nutest"}], "build_info": {"build_type": "release", "commit_id": "c62bea5d0b6c0010e794199221573a6062a01d14", "full_version": "el9-release-ganges-7.6-stable-c62bea5d0b6c0010e794199221573a6062a01d14", "short_commit_id": "c62bea", "version": "7.6"}, "cluster_arch": "X86_64", "cluster_function": ["AOS"], "cluster_software_map": [{"software_type": "NCC", "version": "ncc-6.0.0"}, {"software_type": "NOS", "version": "el9-release-ganges-7.6-stable-c62bea5d0b6c0010e794199221573a6062a01d14"}], "cluster_type": "HYPER_CONVERGED", "encryption_in_transit_status": null, "encryption_option": null, "encryption_scope": null, "fault_tolerance_state": {"current_cluster_fault_tolerance": "CFT_0N_AND_0D", "current_max_fault_tolerance": 0, "desired_cluster_fault_tolerance": "CFT_0N_AND_0D", "desired_max_fault_tolerance": 0, "domain_awareness_level": "DISK", "isStrictRackAwarenessEnabled": false, "redundancy_status": null}, "hypervisor_types": ["AHV"], "incarnation_id": 1782713390680670, "isDegradedNodeMonitoringDisabled": false, "is_available": true, "is_lts": false, "is_password_remote_login_enabled": true, "is_remote_support_enabled": false, "operation_mode": "NORMAL", "pulse_status": {"is_enabled": true, "pii_scrubbing_level": "DEFAULT"}, "redundancy_factor": 1, "timezone": "UTC"}, "container_name": null, "ext_id": "0006555e-4e63-4a5e-185b-ac1f6b6f97e2", "externalStorageProviderInfo": [{"$objectType": "clustermgmt.v4.config.ExternalStorageProviderInfo", "$reserved": {"$fv": "v4.r3"}, "compatibleVersion": "5.1.100.104_5594", "isInstalled": false, "providerType": "DELL_POWERFLEX"}, {"compatibleVersion": "null", "isInstalled": false, "providerType": "EVERPURE_FLASHARRAY"}, {"compatibleVersion": "null", "isInstalled": false, "providerType": "DELL_POWERSTORE"}], "inefficient_vm_count": null, "links": null, "name": "auto_cluster_prod_36acf9b012ca", "network": {"backplane": {"is_segmentation_enabled": false, "netmask": null, "subnet": null, "vlan_tag": null}, "external_address": {"ipv4": {"prefix_length": 32, "value": "10.46.136.38"}, "ipv6": null}, "external_data_service_ip": {"ipv4": {"prefix_length": 32, "value": "10.46.136.42"}, "ipv6": null}, "external_subnet": "10.46.136.0/255.255.248.0", "fqdn": null, "http_proxy_list": null, "http_proxy_white_list": null, "internal_subnet": "192.168.5.0/255.255.255.128", "key_management_server_type": null, "management_server": null, "masquerading_ip": null, "masquerading_port": null, "name_server_ip_list": [{"fqdn": null, "ipv4": {"prefix_length": 32, "value": "10.40.64.15"}, "ipv6": null}, {"fqdn": null, "ipv4": {"prefix_length": 32, "value": "10.40.64.16"}, "ipv6": null}], "nfs_subnet_whitelist": null, "ntp_server_config_list": null, "ntp_server_ip_list": [{"fqdn": {"value": "0.centos.pool.ntp.org"}, "ipv4": null, "ipv6": null}, {"fqdn": {"value": "1.centos.pool.ntp.org"}, "ipv4": null, "ipv6": null}, {"fqdn": {"value": "2.centos.pool.ntp.org"}, "ipv4": null, "ipv6": null}, {"fqdn": {"value": "3.centos.pool.ntp.org"}, "ipv4": null, "ipv6": null}], "smtp_server": null}, "nodes": {"node_list": [{"controller_vm_ip": {"ipv4": {"prefix_length": 32, "value": "10.46.136.32"}, "ipv6": null}, "host_ip": {"ipv4": {"prefix_length": 32, "value": "10.46.136.28"}, "ipv6": null}, "node_uuid": "adf0c9e0-4051-4cd2-9f6f-ca9f962e941b"}], "number_of_nodes": 1}, "tenant_id": null, "upgrade_status": "SUCCEEDED", "vm_count": 13}], "total_available_results": 1}

TASK [Set cluster_ext_id from first NC2A cluster (if available)] ***************
ok: [localhost] => {"ansible_facts": {"cluster_ext_id": "0006555e-4e63-4a5e-185b-ac1f6b6f97e2"}, "changed": false}

TASK [List all AWS VPCs discovered by the NC2A cluster] ************************
[ERROR]: Task failed: Module failed: Api Exception raised while fetching AWS VPCs info
Origin: /tmp/aws_vpcs_v2_run.yml:40:7

38         - clusters_result.response | length > 0
39
40     - name: List all AWS VPCs discovered by the NC2A cluster
         ^ column 7

fatal: [localhost]: FAILED! => {"changed": false, "error": "INTERNAL SERVER ERROR", "msg": "Api Exception raised while fetching AWS VPCs info", "response": {"$objectType": "networking.v4.aws.config.ListAwsVpcsApiResponse", "$reserved": {"$fv": "v4.r4"}, "data": {"$objectType": "networking.v4.error.ErrorResponse", "$reserved": {"$fv": "v4.r4"}, "error": [{"$objectType": "networking.v4.error.AppMessage", "$reserved": {"$fv": "v4.r4"}, "code": "NETWORKING-20002", "errorGroup": "DOWNSTREAM_SERVICE_ERROR", "locale": "en_US", "message": "Failed to reach network service on cluster 0006555e-4e63-4a5e-185b-ac1f6b6f97e2 due to an error.", "severity": "ERROR"}]}, "metadata": {"$objectType": "common.v1.response.ApiResponseMetadata", "$reserved": {"$fv": "v1.r0"}, "flags": [{"$objectType": "common.v1.config.Flag", "$reserved": {"$fv": "v1.r0"}, "name": "hasError", "value": true}, {"$objectType": "common.v1.config.Flag", "$reserved": {"$fv": "v1.r0"}, "name": "isPaginated", "value": false}, {"$objectType": "common.v1.config.Flag", "$reserved": {"$fv": "v1.r0"}, "name": "isTruncated", "value": false}, {"$objectType": "common.v1.config.Flag", "$reserved": {"$fv": "v1.r0"}, "name": "isExpandRestricted", "value": false}], "links": [{"$objectType": "common.v1.response.ApiLink", "$reserved": {"$fv": "v1.r0"}, "href": "self", "rel": "https://10.44.76.28:9440/api/networking/v4.3/aws/config/vpcs"}], "totalAvailableResults": 0}}, "status": 500}
...ignoring

TASK [Show AWS VPC listing] ****************************************************
ok: [localhost] => {
    "aws_vpcs_list": {
        "changed": false,
        "error": "INTERNAL SERVER ERROR",
        "exception": "(traceback unavailable)",
        "failed": true,
        "msg": "Api Exception raised while fetching AWS VPCs info",
        "response": {
            "$objectType": "networking.v4.aws.config.ListAwsVpcsApiResponse",
            "$reserved": {
                "$fv": "v4.r4"
            },
            "data": {
                "$objectType": "networking.v4.error.ErrorResponse",
                "$reserved": {
                    "$fv": "v4.r4"
                },
                "error": [
                    {
                        "$objectType": "networking.v4.error.AppMessage",
                        "$reserved": {
                            "$fv": "v4.r4"
                        },
                        "code": "NETWORKING-20002",
                        "errorGroup": "DOWNSTREAM_SERVICE_ERROR",
                        "locale": "en_US",
                        "message": "Failed to reach network service on cluster 0006555e-4e63-4a5e-185b-ac1f6b6f97e2 due to an error.",
                        "severity": "ERROR"
                    }
                ]
            },
            "metadata": {
                "$objectType": "common.v1.response.ApiResponseMetadata",
                "$reserved": {
                    "$fv": "v1.r0"
                },
                "flags": [
                    {
                        "$objectType": "common.v1.config.Flag",
                        "$reserved": {
                            "$fv": "v1.r0"
                        },
                        "name": "hasError",
                        "value": true
                    },
                    {
                        "$objectType": "common.v1.config.Flag",
                        "$reserved": {
                            "$fv": "v1.r0"
                        },
                        "name": "isPaginated",
                        "value": false
                    },
                    {
                        "$objectType": "common.v1.config.Flag",
                        "$reserved": {
                            "$fv": "v1.r0"
                        },
                        "name": "isTruncated",
                        "value": false
                    },
                    {
                        "$objectType": "common.v1.config.Flag",
                        "$reserved": {
                            "$fv": "v1.r0"
                        },
                        "name": "isExpandRestricted",
                        "value": false
                    }
                ],
                "links": [
                    {
                        "$objectType": "common.v1.response.ApiLink",
                        "$reserved": {
                            "$fv": "v1.r0"
                        },
                        "href": "self",
                        "rel": "https://10.44.76.28:9440/api/networking/v4.3/aws/config/vpcs"
                    }
                ],
                "totalAvailableResults": 0
            }
        },
        "status": 500
    }
}

TASK [Fetch a specific AWS VPC by external ID] *********************************
skipping: [localhost] => {"changed": false, "false_condition": "not (aws_vpcs_list.failed | default(false) | bool)", "skip_reason": "Conditional result was False"}

TASK [Show single AWS VPC lookup] **********************************************
skipping: [localhost] => {"false_condition": "not (aws_vpc_by_id.skipped | default(false) | bool)"}

PLAY RECAP *********************************************************************
localhost                  : ok=4    changed=0    unreachable=0    failed=0    skipped=2    rescued=0    ignored=1   

