[DEPRECATION WARNING]: ANSIBLE_COLLECTIONS_PATHS option, does not fit var 
naming standard, use the singular form ANSIBLE_COLLECTIONS_PATH instead. This 
feature will be removed from ansible-core in version 2.19. Deprecation warnings
 can be disabled by setting deprecation_warnings=False in ansible.cfg.
[WARNING]: No inventory was parsed, only implicit localhost is available
[WARNING]: provided hosts list is empty, only localhost is available. Note that
the implicit localhost does not match 'all'
No config file found; using defaults

PLAY [Volume Group migrate playbook (live run)] ********************************

TASK [Setting Variables] *******************************************************
ok: [localhost] => {"ansible_facts": {"volume_group_name": "ansible-vg-migrate-example"}, "changed": false}

TASK [Create Volume Group on the source cluster] *******************************
changed: [localhost] => {"changed": true, "error": null, "ext_id": "1812b828-656a-4b25-5e7c-98e7f419c361", "response": {"attachment_type": "NONE", "attachments": null, "cluster_reference": "0006555e-4e63-4a5e-185b-ac1f6b6f97e2", "created_by": null, "description": "Volume Group used for migrate example", "disks": null, "enabled_authentications": null, "ext_id": "1812b828-656a-4b25-5e7c-98e7f419c361", "hydration_status": null, "is_hidden": false, "iscsi_features": null, "links": null, "name": "ansible-vg-migrate-example", "protocol": "NOT_ASSIGNED", "sharing_status": "SHARED", "should_load_balance_vm_attachments": false, "storage_features": null, "target_name": "vg-migrate-1812b828-656a-4b25-5e7c-98e7f419c361", "target_prefix": null, "tenant_id": null, "usage_type": "USER"}, "task_ext_id": "ZXJnb24=:a3ae9834-2efb-4deb-b571-8b1a04795291"}

TASK [Set Volume Group ext_id] *************************************************
ok: [localhost] => {"ansible_facts": {"volume_group_ext_id": "1812b828-656a-4b25-5e7c-98e7f419c361"}, "changed": false}

TASK [Get Volume Group details using ext_id] ***********************************
ok: [localhost] => {"changed": false, "error": null, "ext_id": "1812b828-656a-4b25-5e7c-98e7f419c361", "response": {"attachment_type": "NONE", "attachments": null, "cluster_reference": "0006555e-4e63-4a5e-185b-ac1f6b6f97e2", "created_by": null, "description": "Volume Group used for migrate example", "disks": null, "enabled_authentications": null, "ext_id": "1812b828-656a-4b25-5e7c-98e7f419c361", "hydration_status": null, "is_hidden": false, "iscsi_features": null, "links": null, "name": "ansible-vg-migrate-example", "protocol": "NOT_ASSIGNED", "sharing_status": "SHARED", "should_load_balance_vm_attachments": false, "storage_features": null, "target_name": "vg-migrate-1812b828-656a-4b25-5e7c-98e7f419c361", "target_prefix": null, "tenant_id": null, "usage_type": "USER"}}

TASK [Migrate Volume Group to the target availability zone] ********************
fatal: [localhost]: FAILED! => {"changed": false, "error": "NOT FOUND", "msg": "Api Exception raised while fetching Volume Group info using ext_id", "response": {"error": "Not Found", "message": "No static resource storage/v4.0.a4/config/volume-groups/1812b828-656a-4b25-5e7c-98e7f419c361.", "path": "/api/storage/v4.0.a4/config/volume-groups/1812b828-656a-4b25-5e7c-98e7f419c361", "status": 404, "timestamp": "2026-07-20T16:04:29.505743599Z"}, "status": 404}
...ignoring

TASK [Delete Volume Group] *****************************************************
changed: [localhost] => {"changed": true, "error": null, "ext_id": "1812b828-656a-4b25-5e7c-98e7f419c361", "response": {"app_name": null, "batch_summary": null, "cluster_ext_ids": ["0006555e-4e63-4a5e-185b-ac1f6b6f97e2"], "completed_time": "2026-07-20T16:04:30.544830+00:00", "completion_details": null, "created_time": "2026-07-20T16:04:30.291746+00:00", "entities_affected": [{"ext_id": "1812b828-656a-4b25-5e7c-98e7f419c361", "name": "ansible-vg-migrate-example", "rel": "volumes:config:volume-group"}], "error_messages": null, "ext_id": "ZXJnb24=:84101d99-53fc-41af-9578-5aa0d6e6913d", "is_background_task": false, "is_cancelable": false, "last_updated_time": "2026-07-20T16:04:30.544829+00:00", "legacy_error_message": null, "number_of_entities_affected": 1, "number_of_subtasks": 1, "operation": "VolumeGroupDelete", "operation_description": "Delete Volume Group", "owned_by": {"ext_id": "00000000-0000-0000-0000-000000000000", "name": "admin"}, "parent_task": null, "progress_percentage": 100, "projectExtId": "00000000-0000-0000-0000-000000000000", "resource_links": null, "root_task": null, "started_time": "2026-07-20T16:04:30.291746+00:00", "status": "SUCCEEDED", "sub_steps": null, "sub_tasks": [{"ext_id": "ZXJnb24=:8fd57a53-87d2-459f-b7d5-124b3215b865", "href": "https://10.44.76.28:9440/api/prism/v4.3/config/tasks/ZXJnb24=:8fd57a53-87d2-459f-b7d5-124b3215b865", "rel": "subtask"}], "warnings": null}, "task_ext_id": "ZXJnb24=:84101d99-53fc-41af-9578-5aa0d6e6913d"}

PLAY RECAP *********************************************************************
localhost                  : ok=6    changed=2    unreachable=0    failed=0    skipped=0    rescued=0    ignored=1   

