[WARNING]: No inventory was parsed, only implicit localhost is available
[WARNING]: provided hosts list is empty, only localhost is available. Note that
the implicit localhost does not match 'all'
No config file found; using defaults

PLAY [Nutanix Files - Snapshot Schedule playbook] ******************************

TASK [Set input variables] *****************************************************
ok: [localhost] => {"ansible_facts": {"file_server_ext_id": "d1234567-89ab-cdef-0123-456789abcdef"}, "changed": false}

TASK [Create daily snapshot schedule with all fields] **************************
fatal: [localhost]: FAILED! => {"changed": false, "error": "SERVICE UNAVAILABLE", "msg": "Api Exception raised while creating snapshot schedule", "response": {"message": "Http request to endpoint 0:127.0.0.1:7509 failed with error. Response status: 2"}, "status": 503}
...ignoring

TASK [Update snapshot schedule with all fields] ********************************
fatal: [localhost]: FAILED! => {"msg": "The task includes an option with an undefined variable. The error was: 'dict object' has no attribute 'ext_id'. 'dict object' has no attribute 'ext_id'\n\nThe error appears to be in '/tmp/codegen/1f6170ff92c74c02b9ec9c96c282b8a2/repo/examples/files/SnapshotSchedule/snapshot_schedule_v2.yml': line 37, column 7, but may\nbe elsewhere in the file depending on the exact syntax problem.\n\nThe offending line appears to be:\n\n\n    - name: Update snapshot schedule with all fields\n      ^ here\n"}
...ignoring

TASK [Get snapshot schedule using ext_id] **************************************
fatal: [localhost]: FAILED! => {"msg": "The task includes an option with an undefined variable. The error was: 'dict object' has no attribute 'ext_id'. 'dict object' has no attribute 'ext_id'\n\nThe error appears to be in '/tmp/codegen/1f6170ff92c74c02b9ec9c96c282b8a2/repo/examples/files/SnapshotSchedule/snapshot_schedule_v2.yml': line 50, column 7, but may\nbe elsewhere in the file depending on the exact syntax problem.\n\nThe offending line appears to be:\n\n\n    - name: Get snapshot schedule using ext_id\n      ^ here\n"}
...ignoring

TASK [List all snapshot schedules for the file server] *************************
fatal: [localhost]: FAILED! => {"changed": false, "error": "SERVICE UNAVAILABLE", "msg": "Api Exception raised while fetching snapshot schedules info", "response": {"message": "Http request to endpoint 0:127.0.0.1:7509 failed with error. Response status: 2"}, "status": 503}
...ignoring

TASK [Delete snapshot schedule] ************************************************
fatal: [localhost]: FAILED! => {"msg": "The task includes an option with an undefined variable. The error was: 'dict object' has no attribute 'ext_id'. 'dict object' has no attribute 'ext_id'\n\nThe error appears to be in '/tmp/codegen/1f6170ff92c74c02b9ec9c96c282b8a2/repo/examples/files/SnapshotSchedule/snapshot_schedule_v2.yml': line 63, column 7, but may\nbe elsewhere in the file depending on the exact syntax problem.\n\nThe offending line appears to be:\n\n\n    - name: Delete snapshot schedule\n      ^ here\n"}
...ignoring

PLAY RECAP *********************************************************************
localhost                  : ok=6    changed=0    unreachable=0    failed=0    skipped=0    rescued=0    ignored=5   

