[WARNING]: No inventory was parsed, only implicit localhost is available
[WARNING]: provided hosts list is empty, only localhost is available. Note that
the implicit localhost does not match 'all'
No config file found; using defaults

PLAY [RouteForBgpSession playbook] *********************************************

TASK [Set BGP session ext_id] **************************************************
ok: [localhost] => {"ansible_facts": {"bgp_session_ext_id": "0005c73f-8fdb-4c86-83a3-a97e7a5e8ff2"}, "changed": false}

TASK [List all BGP routes for the specified BGP session] ***********************
fatal: [localhost]: FAILED! => {"changed": false, "error": "NOT FOUND", "msg": "Api Exception raised while fetching BGP routes info", "response": {"$objectType": "networking.v4.config.GetBgpRouteApiResponse", "$reserved": {"$fv": "v4.r4"}, "data": {"$objectType": "networking.v4.error.ErrorResponse", "$reserved": {"$fv": "v4.r4"}, "error": [{"$objectType": "networking.v4.error.AppMessage", "$reserved": {"$fv": "v4.r4"}, "code": "NETWORKING-10060", "locale": "en_US", "message": "Failed to list BGP routes as a referenced resource was not found - Application error kNotFound raised: BGP session not found", "severity": "ERROR"}]}, "metadata": {"$objectType": "common.v1.response.ApiResponseMetadata", "$reserved": {"$fv": "v1.r0"}, "flags": [{"$objectType": "common.v1.config.Flag", "$reserved": {"$fv": "v1.r0"}, "name": "hasError", "value": true}, {"$objectType": "common.v1.config.Flag", "$reserved": {"$fv": "v1.r0"}, "name": "isPaginated", "value": false}, {"$objectType": "common.v1.config.Flag", "$reserved": {"$fv": "v1.r0"}, "name": "isTruncated", "value": false}, {"$objectType": "common.v1.config.Flag", "$reserved": {"$fv": "v1.r0"}, "name": "isExpandRestricted", "value": false}], "links": [{"$objectType": "common.v1.response.ApiLink", "$reserved": {"$fv": "v1.r0"}, "href": "https://10.44.76.28:9440/api/networking/v4.4/config/bgp-sessions/0005c73f-8fdb-4c86-83a3-a97e7a5e8ff2/bgp-routes", "rel": "self"}], "totalAvailableResults": 0}}, "status": 404}
...ignoring

TASK [Set BGP route ext_id from list result (if any)] **************************
ok: [localhost] => {"ansible_facts": {"bgp_route_ext_id": ""}, "changed": false}

TASK [Fetch a specific BGP route by external ID] *******************************
skipping: [localhost] => {"changed": false, "false_condition": "bgp_route_ext_id | length > 0", "skip_reason": "Conditional result was False"}

TASK [List BGP routes filtered by bgpRouteType == ADVERTISED] ******************
fatal: [localhost]: FAILED! => {"changed": false, "error": "NOT FOUND", "msg": "Api Exception raised while fetching BGP routes info", "response": {"$objectType": "networking.v4.config.GetBgpRouteApiResponse", "$reserved": {"$fv": "v4.r4"}, "data": {"$objectType": "networking.v4.error.ErrorResponse", "$reserved": {"$fv": "v4.r4"}, "error": [{"$objectType": "networking.v4.error.AppMessage", "$reserved": {"$fv": "v4.r4"}, "code": "NETWORKING-10060", "locale": "en_US", "message": "Failed to list BGP routes as a referenced resource was not found - Application error kNotFound raised: BGP session not found", "severity": "ERROR"}]}, "metadata": {"$objectType": "common.v1.response.ApiResponseMetadata", "$reserved": {"$fv": "v1.r0"}, "flags": [{"$objectType": "common.v1.config.Flag", "$reserved": {"$fv": "v1.r0"}, "name": "hasError", "value": true}, {"$objectType": "common.v1.config.Flag", "$reserved": {"$fv": "v1.r0"}, "name": "isPaginated", "value": false}, {"$objectType": "common.v1.config.Flag", "$reserved": {"$fv": "v1.r0"}, "name": "isTruncated", "value": false}, {"$objectType": "common.v1.config.Flag", "$reserved": {"$fv": "v1.r0"}, "name": "isExpandRestricted", "value": false}], "links": [{"$objectType": "common.v1.response.ApiLink", "$reserved": {"$fv": "v1.r0"}, "href": "https://10.44.76.28:9440/api/networking/v4.4/config/bgp-sessions/0005c73f-8fdb-4c86-83a3-a97e7a5e8ff2/bgp-routes", "rel": "self"}], "totalAvailableResults": 0}}, "status": 404}
...ignoring

TASK [List first BGP route for the specified BGP session (limit)] **************
fatal: [localhost]: FAILED! => {"changed": false, "error": "NOT FOUND", "msg": "Api Exception raised while fetching BGP routes info", "response": {"$objectType": "networking.v4.config.GetBgpRouteApiResponse", "$reserved": {"$fv": "v4.r4"}, "data": {"$objectType": "networking.v4.error.ErrorResponse", "$reserved": {"$fv": "v4.r4"}, "error": [{"$objectType": "networking.v4.error.AppMessage", "$reserved": {"$fv": "v4.r4"}, "code": "NETWORKING-10060", "locale": "en_US", "message": "Failed to list BGP routes as a referenced resource was not found - Application error kNotFound raised: BGP session not found", "severity": "ERROR"}]}, "metadata": {"$objectType": "common.v1.response.ApiResponseMetadata", "$reserved": {"$fv": "v1.r0"}, "flags": [{"$objectType": "common.v1.config.Flag", "$reserved": {"$fv": "v1.r0"}, "name": "hasError", "value": true}, {"$objectType": "common.v1.config.Flag", "$reserved": {"$fv": "v1.r0"}, "name": "isPaginated", "value": false}, {"$objectType": "common.v1.config.Flag", "$reserved": {"$fv": "v1.r0"}, "name": "isTruncated", "value": false}, {"$objectType": "common.v1.config.Flag", "$reserved": {"$fv": "v1.r0"}, "name": "isExpandRestricted", "value": false}], "links": [{"$objectType": "common.v1.response.ApiLink", "$reserved": {"$fv": "v1.r0"}, "href": "https://10.44.76.28:9440/api/networking/v4.4/config/bgp-sessions/0005c73f-8fdb-4c86-83a3-a97e7a5e8ff2/bgp-routes", "rel": "self"}], "totalAvailableResults": 0}}, "status": 404}
...ignoring

PLAY RECAP *********************************************************************
localhost                  : ok=5    changed=0    unreachable=0    failed=0    skipped=1    rescued=0    ignored=3   

