[WARNING]: No inventory was parsed, only implicit localhost is available
[WARNING]: provided hosts list is empty, only localhost is available. Note that
the implicit localhost does not match 'all'
No config file found; using defaults

PLAY [Legacy VM-VM anti-affinity policy playbook] ******************************

TASK [Setting Variables] *******************************************************
ok: [localhost] => {"ansible_facts": {"legacy_policy_ext_id": "3f6a1c5c-4b7f-4a5f-8e2e-6a1e5b9c2d3f"}, "changed": false}

TASK [List all legacy VM-VM anti-affinity policies] ****************************
ok: [localhost] => {"changed": false, "response": [], "total_available_results": 0}

TASK [List legacy VM-VM anti-affinity policies with an OData filter] ***********
ok: [localhost] => {"changed": false, "response": [], "total_available_results": 0}

TASK [List legacy VM-VM anti-affinity policies with a limit] *******************
ok: [localhost] => {"changed": false, "response": [], "total_available_results": 0}

TASK [Fetch a specific legacy VM-VM anti-affinity policy using ext_id] *********
fatal: [localhost]: FAILED! => {"changed": false, "msg": "Legacy VM-VM anti-affinity policy with ext_id '3f6a1c5c-4b7f-4a5f-8e2e-6a1e5b9c2d3f' was not found."}
...ignoring

TASK [Delete a legacy VM-VM anti-affinity policy by ext_id] ********************
fatal: [localhost]: FAILED! => {"changed": false, "msg": "Task Failed", "response": {"app_name": null, "batch_summary": null, "cluster_ext_ids": null, "completed_time": "2026-07-21T09:03:36.487335+00:00", "completion_details": null, "created_time": "2026-07-21T09:03:36.462429+00:00", "entities_affected": [{"ext_id": "3f6a1c5c-4b7f-4a5f-8e2e-6a1e5b9c2d3f", "name": null, "rel": "vmm:ahv:policies:legacy-vm-anti-affinity-policy"}], "error_messages": [{"arguments_map": {"policy_uuid": "3f6a1c5c-4b7f-4a5f-8e2e-6a1e5b9c2d3f"}, "code": "VMM-34060", "error_group": "POLICY_NOT_FOUND", "locale": "en_US", "message": "Failed to perform the operation on the policy with UUID '3f6a1c5c-4b7f-4a5f-8e2e-6a1e5b9c2d3f', because it is not found.", "severity": "ERROR"}], "ext_id": "ZXJnb24=:7fa839a6-61d8-597a-b863-52de10812acc", "is_background_task": false, "is_cancelable": false, "last_updated_time": "2026-07-21T09:03:36.487333+00:00", "legacy_error_message": null, "number_of_entities_affected": 1, "number_of_subtasks": 0, "operation": "DeleteLegacyVmAntiAffinityPolicyById", "operation_description": "Delete the Legacy VM Anti-Affinity Policy", "owned_by": {"ext_id": "00000000-0000-0000-0000-000000000000", "name": "admin"}, "parent_task": null, "progress_percentage": 100, "projectExtId": "00000000-0000-0000-0000-000000000000", "resource_links": null, "root_task": null, "started_time": "2026-07-21T09:03:36.472945+00:00", "status": "FAILED", "sub_steps": null, "sub_tasks": null, "warnings": null}}
...ignoring

PLAY RECAP *********************************************************************
localhost                  : ok=6    changed=0    unreachable=0    failed=0    skipped=0    rescued=0    ignored=2   

