[WARNING]: No inventory was parsed, only implicit localhost is available
[WARNING]: provided hosts list is empty, only localhost is available. Note that
the implicit localhost does not match 'all'

PLAY [Credentials playbook] ****************************************************

TASK [Generate a random suffix so the example is safe to re-run] ***************
[WARNING]: Collection community.general does not support Ansible version 2.16.0
ok: [localhost]

TASK [Setting Variables] *******************************************************
ok: [localhost]

TASK [Create BMC credential] ***************************************************
changed: [localhost]

TASK [Set BMC credential ext_id] ***********************************************
ok: [localhost]

TASK [Create vCenter credential] ***********************************************
changed: [localhost]

TASK [Set vCenter credential ext_id] *******************************************
ok: [localhost]

TASK [Create Intersight credential] ********************************************
changed: [localhost]

TASK [Set Intersight credential ext_id] ****************************************
ok: [localhost]

TASK [Fetch BMC credential using ext_id] ***************************************
ok: [localhost]

TASK [List all credentials] ****************************************************
ok: [localhost]

TASK [List credentials with filter] ********************************************
ok: [localhost]

TASK [List credentials with limit] *********************************************
ok: [localhost]

TASK [Update BMC credential (rotate password)] *********************************
changed: [localhost]

TASK [Delete BMC credential] ***************************************************
changed: [localhost]

TASK [Delete vCenter credential] ***********************************************
changed: [localhost]

TASK [Delete Intersight credential] ********************************************
changed: [localhost]

PLAY RECAP *********************************************************************
localhost                  : ok=16   changed=7    unreachable=0    failed=0    skipped=0    rescued=0    ignored=0   

