[WARNING]: No inventory was parsed, only implicit localhost is available
[WARNING]: provided hosts list is empty, only localhost is available. Note that the implicit localhost does not match 'all'
No config file found; using defaults

PLAY [LCM Inventory playbook] **************************************************

TASK [Discover Prism Central external ID] **************************************
ok: [localhost] => {"changed": false, "error": null, "response": [{"backup_eligibility_score": null, "categories": null, "cluster_profile_ext_id": null, "config": {"authorized_public_key_list": [{"key": "ssh-rsa AAAAB3NzaC1yc2EAAAADAQABAAABgQCihNgP+ycnEAYBi6u2k7bQjqx22uK0eMIMfvp8YCSgfCZz/cT4P5706Lxy4Yqg8z3dinI08pnFW3bE+tr5pZxWQpnNcJ+zUnRYV3Ua2HaxUtL+ZxknwrkiWcn9zANmzpWqNrOzGVo/4jVE2piQ51urzenO9PvdbFhFT2bXByE6EYm0yf+TnNK7OgDTkE3kpEKISXQDOBEgHhn0HkIA96qcRPQbhjOSryNG7jVv3PCmfxDMRMRUZuqaoYuirebjVNjUH9kBwQqbDTAn9JBjN6g/sKIDlwratcfHqWY/n0pvvg7fMKXe/qLdsh/zAGRkB6JpAkCXMsdfLu0+IjCSu6NkWhMBYLnYXxAC7dxaxQI6SLvM6BoO9cmPXOL+Ubsh0jXuKpJmRACrJpwkxgjxi6Qmy2Jm21mYJwBoffoy6SSP+d6CvlBFJlD3Kfr8TviHLZWDSSEGtJ6tOqVEFgM/G8lJwemvC29qo5YnDlaKbGKVX8lpRXDsJg/fu2spcwEDaPs= nutanix@ntnx-10-44-76-28-a-pcvm", "name": "ccfabe63-8617-4b46-a031-fbedac147042"}], "build_info": {"build_type": "release", "commit_id": "b6042b29819bbcc0150cd9bd180c6552a5a56622", "full_version": "el9-release-ganges-7.6-stable-b6042b29819bbcc0150cd9bd180c6552a5a56622", "short_commit_id": "b6042b", "version": "7.6"}, "cluster_arch": "X86_64", "cluster_function": ["PRISM_CENTRAL"], "cluster_software_map": [{"software_type": "NCC", "version": "ncc-6.0.0"}, {"software_type": "PRISM_CENTRAL", "version": "el9-release-ganges-7.6-stable-b6042b29819bbcc0150cd9bd180c6552a5a56622"}], "cluster_type": null, "encryption_in_transit_status": null, "encryption_option": null, "encryption_scope": null, "fault_tolerance_state": {"current_cluster_fault_tolerance": "CFT_0N_AND_0D", "current_max_fault_tolerance": 0, "desired_cluster_fault_tolerance": "CFT_0N_AND_0D", "desired_max_fault_tolerance": 0, "domain_awareness_level": "NODE", "isStrictRackAwarenessEnabled": false, "redundancy_status": null}, "hypervisor_types": ["$UNKNOWN"], "incarnation_id": 5396537123792439134, "isDegradedNodeMonitoringDisabled": false, "is_available": true, "is_lts": null, "is_password_remote_login_enabled": true, "is_remote_support_enabled": false, "operation_mode": null, "pulse_status": {"is_enabled": true, "pii_scrubbing_level": null}, "redundancy_factor": 1, "timezone": "Atlantic/Reykjavik"}, "container_name": null, "ext_id": "cae459ec-08db-475e-a5e5-151e390c9484", "inefficient_vm_count": null, "links": null, "name": "PC_10.44.76.29", "network": {"backplane": {"is_segmentation_enabled": false, "netmask": null, "subnet": null, "vlan_tag": null}, "external_address": {"ipv4": {"prefix_length": 32, "value": "10.44.76.29"}, "ipv6": null}, "external_data_service_ip": {"ipv4": null, "ipv6": null}, "external_subnet": "10.44.76.0/255.255.252.0", "fqdn": null, "http_proxy_list": null, "http_proxy_white_list": null, "internal_subnet": "10.44.76.0/255.255.252.0", "key_management_server_type": null, "management_server": null, "masquerading_ip": null, "masquerading_port": null, "name_server_ip_list": [{"fqdn": null, "ipv4": {"prefix_length": 32, "value": "127.0.0.1"}, "ipv6": null}, {"fqdn": null, "ipv4": {"prefix_length": 32, "value": "10.40.64.15"}, "ipv6": null}, {"fqdn": null, "ipv4": {"prefix_length": 32, "value": "10.40.64.16"}, "ipv6": null}], "nfs_subnet_whitelist": null, "ntp_server_config_list": null, "ntp_server_ip_list": [{"fqdn": {"value": "0.centos.pool.ntp.org"}, "ipv4": null, "ipv6": null}, {"fqdn": {"value": "3.centos.pool.ntp.org"}, "ipv4": null, "ipv6": null}, {"fqdn": {"value": "1.centos.pool.ntp.org"}, "ipv4": null, "ipv6": null}, {"fqdn": {"value": "2.centos.pool.ntp.org"}, "ipv4": null, "ipv6": null}], "smtp_server": null}, "nodes": {"node_list": [{"controller_vm_ip": {"ipv4": {"prefix_length": 32, "value": "10.44.76.28"}, "ipv6": null}, "host_ip": null, "node_uuid": "ccfabe63-8617-4b46-a031-fbedac147042"}], "number_of_nodes": 1}, "tenant_id": null, "upgrade_status": null, "vm_count": null}], "total_available_results": 1}

TASK [Set Prism Central external ID] *******************************************
ok: [localhost] => {"ansible_facts": {"prism_central_external_id": "cae459ec-08db-475e-a5e5-151e390c9484"}, "changed": false}

TASK [Perform LCM inventory on Prism Central (default scope)] ******************
[ERROR]: Task failed: Module failed: Task Failed
Origin: /tmp/codegen/926358d056a94f1e85a098ee391e8a4a/repo/examples/life_cycle_management/Inventory/lcm_export_inventory_v2.yml:45:7

43         - pc_cluster.response | length > 0
44
45     - name: Perform LCM inventory on Prism Central (default scope)
         ^ column 7

fatal: [localhost]: FAILED! => {"changed": false, "msg": "Task Failed", "response": {"app_name": null, "batch_summary": null, "cluster_ext_ids": ["cae459ec-08db-475e-a5e5-151e390c9484"], "completed_time": "2026-07-20T14:27:19.396690+00:00", "completion_details": null, "created_time": "2026-07-20T14:27:18.643412+00:00", "entities_affected": null, "error_messages": [{"arguments_map": null, "code": "TSKS-20801", "error_group": "LEGACY_ERROR", "locale": "en_US", "message": "Operation failed due to legacy error and 'legacyErrorMessage' should be referred to for details", "severity": "ERROR"}], "ext_id": "ZXJnb24=:82779f9e-b663-5df5-b534-0c5feb1185c5", "is_background_task": false, "is_cancelable": false, "last_updated_time": "2026-07-20T14:27:19.396689+00:00", "legacy_error_message": "Failed to perform the operation performInventory on cluster cae459ec-08db-475e-a5e5-151e390c9484 due to an ongoing operation Inventory and root task d6e91b35-2026-49d4-5916-f72de9f38d52.", "number_of_entities_affected": 0, "number_of_subtasks": 0, "operation": "PerformInventory", "operation_description": "Perform Inventory", "owned_by": {"ext_id": "00000000-0000-0000-0000-000000000000", "name": "admin"}, "parent_task": null, "progress_percentage": 100, "projectExtId": "00000000-0000-0000-0000-000000000000", "resource_links": null, "root_task": null, "started_time": "2026-07-20T14:27:18.643412+00:00", "status": "FAILED", "sub_steps": null, "sub_tasks": null, "warnings": null}}
...ignoring

TASK [Show Prism Central inventory task summary] *******************************
ok: [localhost] => {
    "msg": [
        "task_ext_id: n/a",
        "status:      FAILED"
    ]
}

TASK [Perform LCM inventory targeting a specific Prism Element cluster] ********
[ERROR]: Task failed: Module failed: Task Failed
Origin: /tmp/codegen/926358d056a94f1e85a098ee391e8a4a/repo/examples/life_cycle_management/Inventory/lcm_export_inventory_v2.yml:56:7

54           - "status:      {{ pc_inventory.response.status | default('unknown') }}"
55
56     - name: Perform LCM inventory targeting a specific Prism Element cluster
         ^ column 7

fatal: [localhost]: FAILED! => {"changed": false, "msg": "Task Failed", "response": {"app_name": null, "batch_summary": null, "cluster_ext_ids": ["cae459ec-08db-475e-a5e5-151e390c9484"], "completed_time": "2026-07-20T14:27:22.751834+00:00", "completion_details": null, "created_time": "2026-07-20T14:27:22.050372+00:00", "entities_affected": null, "error_messages": [{"arguments_map": null, "code": "TSKS-20801", "error_group": "LEGACY_ERROR", "locale": "en_US", "message": "Operation failed due to legacy error and 'legacyErrorMessage' should be referred to for details", "severity": "ERROR"}], "ext_id": "ZXJnb24=:9cfdeda7-2751-5e87-b5f1-6aa22912e11d", "is_background_task": false, "is_cancelable": false, "last_updated_time": "2026-07-20T14:27:22.751833+00:00", "legacy_error_message": "Failed to perform the operation performInventory on cluster cae459ec-08db-475e-a5e5-151e390c9484 due to an ongoing operation Inventory and root task d6e91b35-2026-49d4-5916-f72de9f38d52.", "number_of_entities_affected": 0, "number_of_subtasks": 0, "operation": "PerformInventory", "operation_description": "Perform Inventory", "owned_by": {"ext_id": "00000000-0000-0000-0000-000000000000", "name": "admin"}, "parent_task": null, "progress_percentage": 100, "projectExtId": "00000000-0000-0000-0000-000000000000", "resource_links": null, "root_task": null, "started_time": "2026-07-20T14:27:22.050372+00:00", "status": "FAILED", "sub_steps": null, "sub_tasks": null, "warnings": null}}
...ignoring

TASK [Perform LCM inventory with a credential reference] ***********************
[ERROR]: Task failed: Module failed: Task Failed
Origin: /tmp/codegen/926358d056a94f1e85a098ee391e8a4a/repo/examples/life_cycle_management/Inventory/lcm_export_inventory_v2.yml:63:7

61       ignore_errors: true
62
63     - name: Perform LCM inventory with a credential reference
         ^ column 7

fatal: [localhost]: FAILED! => {"changed": false, "msg": "Task Failed", "response": {"app_name": null, "batch_summary": null, "cluster_ext_ids": ["cae459ec-08db-475e-a5e5-151e390c9484"], "completed_time": "2026-07-20T14:27:25.607104+00:00", "completion_details": null, "created_time": "2026-07-20T14:27:25.368035+00:00", "entities_affected": null, "error_messages": [{"arguments_map": null, "code": "TSKS-20801", "error_group": "LEGACY_ERROR", "locale": "en_US", "message": "Operation failed due to legacy error and 'legacyErrorMessage' should be referred to for details", "severity": "ERROR"}], "ext_id": "ZXJnb24=:3c5a9b95-0647-5cfb-81a1-01fc4e27e704", "is_background_task": false, "is_cancelable": false, "last_updated_time": "2026-07-20T14:27:25.607103+00:00", "legacy_error_message": "Failed to perform the operation performInventory on cluster cae459ec-08db-475e-a5e5-151e390c9484 as Internal Error: 'NoneType' object has no attribute 'get'.", "number_of_entities_affected": 0, "number_of_subtasks": 0, "operation": "PerformInventory", "operation_description": "Perform Inventory", "owned_by": {"ext_id": "00000000-0000-0000-0000-000000000000", "name": "admin"}, "parent_task": null, "progress_percentage": 100, "projectExtId": "00000000-0000-0000-0000-000000000000", "resource_links": null, "root_task": null, "started_time": "2026-07-20T14:27:25.368035+00:00", "status": "FAILED", "sub_steps": null, "sub_tasks": null, "warnings": null}}
...ignoring

PLAY RECAP *********************************************************************
localhost                  : ok=6    changed=0    unreachable=0    failed=0    skipped=0    rescued=0    ignored=3   

