[WARNING]: No inventory was parsed, only implicit localhost is available
[WARNING]: provided hosts list is empty, only localhost is available. Note that
the implicit localhost does not match 'all'
No config file found; using defaults

PLAY [DiskStat (virtual_machine_management) example playbook] ******************

TASK [Compute a 5 minute reporting window ending now] **************************
ok: [localhost] => {"changed": false, "cmd": ["date", "-u", "+%Y-%m-%dT%H:%M:%S.%3NZ"], "delta": "0:00:00.006360", "end": "2026-07-20 18:00:03.510153", "msg": "", "rc": 0, "start": "2026-07-20 18:00:03.503793", "stderr": "", "stderr_lines": [], "stdout": "2026-07-20T18:00:03.509Z", "stdout_lines": ["2026-07-20T18:00:03.509Z"]}

TASK [Compute reporting window start time (5 minutes ago)] *********************
ok: [localhost] => {"changed": false, "cmd": ["date", "-u", "-d", "-300 seconds", "+%Y-%m-%dT%H:%M:%S.%3NZ"], "delta": "0:00:00.003320", "end": "2026-07-20 18:00:03.737636", "msg": "", "rc": 0, "start": "2026-07-20 18:00:03.734316", "stderr": "", "stderr_lines": [], "stdout": "2026-07-20T17:55:03.737Z", "stdout_lines": ["2026-07-20T17:55:03.737Z"]}

TASK [Fetch VM disk stats with only required parameters] ***********************
fatal: [localhost]: FAILED! => {"changed": false, "error": "NOT FOUND", "msg": "Api Exception raised while fetching ESXi VM disk stats for vm_ext_id=cf1b8f42-8f36-4b3a-9db7-9c1c8f3c8be1 ext_id=7c6bc5f3-c18c-4702-4c2d-b769fd5f94b0", "response": {"$dataItemDiscriminator": "vmm.v4.error.ErrorResponse", "data": {"$errorItemDiscriminator": "List<vmm.v4.error.AppMessage>", "$objectType": "vmm.v4.error.ErrorResponse", "error": [{"$objectType": "vmm.v4.error.AppMessage", "argumentsMap": {"vm_uuid": "cf1b8f42-8f36-4b3a-9db7-9c1c8f3c8be1"}, "code": "VMM-30100", "errorGroup": "VM_NOT_FOUND", "locale": "en-US", "message": "Failed to perform the operation on the VM with UUID 'cf1b8f42-8f36-4b3a-9db7-9c1c8f3c8be1', because it is not found.", "severity": "ERROR"}]}}, "status": 404}
...ignoring

TASK [Fetch VM disk stats with every optional parameter] ***********************
fatal: [localhost]: FAILED! => {"changed": false, "error": "NOT FOUND", "msg": "Api Exception raised while fetching ESXi VM disk stats for vm_ext_id=cf1b8f42-8f36-4b3a-9db7-9c1c8f3c8be1 ext_id=7c6bc5f3-c18c-4702-4c2d-b769fd5f94b0", "response": {"$dataItemDiscriminator": "vmm.v4.error.ErrorResponse", "data": {"$errorItemDiscriminator": "List<vmm.v4.error.AppMessage>", "$objectType": "vmm.v4.error.ErrorResponse", "error": [{"$objectType": "vmm.v4.error.AppMessage", "argumentsMap": {"vm_uuid": "cf1b8f42-8f36-4b3a-9db7-9c1c8f3c8be1"}, "code": "VMM-30100", "errorGroup": "VM_NOT_FOUND", "locale": "en-US", "message": "Failed to perform the operation on the VM with UUID 'cf1b8f42-8f36-4b3a-9db7-9c1c8f3c8be1', because it is not found.", "severity": "ERROR"}]}}, "status": 404}
...ignoring

TASK [Fetch VM disk stats info (single lookup) using ext_id] *******************
fatal: [localhost]: FAILED! => {"changed": false, "error": "NOT FOUND", "msg": "Api Exception raised while fetching ESXi VM disk stats info for vm_ext_id=cf1b8f42-8f36-4b3a-9db7-9c1c8f3c8be1 ext_id=7c6bc5f3-c18c-4702-4c2d-b769fd5f94b0", "response": {"$dataItemDiscriminator": "vmm.v4.error.ErrorResponse", "data": {"$errorItemDiscriminator": "List<vmm.v4.error.AppMessage>", "$objectType": "vmm.v4.error.ErrorResponse", "error": [{"$objectType": "vmm.v4.error.AppMessage", "argumentsMap": {"vm_uuid": "cf1b8f42-8f36-4b3a-9db7-9c1c8f3c8be1"}, "code": "VMM-30100", "errorGroup": "VM_NOT_FOUND", "locale": "en-US", "message": "Failed to perform the operation on the VM with UUID 'cf1b8f42-8f36-4b3a-9db7-9c1c8f3c8be1', because it is not found.", "severity": "ERROR"}]}}, "status": 404}
...ignoring

TASK [Fetch VM disk stats info with $select projection] ************************
fatal: [localhost]: FAILED! => {"changed": false, "error": "NOT FOUND", "msg": "Api Exception raised while fetching ESXi VM disk stats info for vm_ext_id=cf1b8f42-8f36-4b3a-9db7-9c1c8f3c8be1 ext_id=7c6bc5f3-c18c-4702-4c2d-b769fd5f94b0", "response": {"$dataItemDiscriminator": "vmm.v4.error.ErrorResponse", "data": {"$errorItemDiscriminator": "List<vmm.v4.error.AppMessage>", "$objectType": "vmm.v4.error.ErrorResponse", "error": [{"$objectType": "vmm.v4.error.AppMessage", "argumentsMap": {"vm_uuid": "cf1b8f42-8f36-4b3a-9db7-9c1c8f3c8be1"}, "code": "VMM-30100", "errorGroup": "VM_NOT_FOUND", "locale": "en-US", "message": "Failed to perform the operation on the VM with UUID 'cf1b8f42-8f36-4b3a-9db7-9c1c8f3c8be1', because it is not found.", "severity": "ERROR"}]}}, "status": 404}
...ignoring

PLAY RECAP *********************************************************************
localhost                  : ok=6    changed=0    unreachable=0    failed=0    skipped=0    rescued=0    ignored=4   

